

================================================================
== Vitis HLS Report for 'kernel531'
================================================================
* Date:           Sun Jul 12 20:26:06 2026

* Version:        2025.2 (Build 6295257 on Nov 14 2025)
* Project:        spikingformer_proj
* Solution:       solution1 (Vivado IP Flow Target)
* Product family: zynquplus
* Target device:  xczu7ev-ffvc1156-2-e


================================================================
== Performance Estimates
================================================================
+ Timing: 
    * Summary: 
    +--------+----------+----------+------------+
    |  Clock |  Target  | Estimated| Uncertainty|
    +--------+----------+----------+------------+
    |ap_clk  |  10.00 ns|  7.300 ns|     2.70 ns|
    +--------+----------+----------+------------+

+ Latency: 
    * Summary: 
    +---------+---------+----------+----------+-----+-----+-------------------+
    |  Latency (cycles) |  Latency (absolute) |  Interval |      Pipeline     |
    |   min   |   max   |    min   |    max   | min | max |        Type       |
    +---------+---------+----------+----------+-----+-----+-------------------+
    |    98320|    98320|  0.983 ms|  0.983 ms|    0|    0|  loop pipeline stp|
    +---------+---------+----------+----------+-----+-----+-------------------+

    + Detail: 
        * Instance: 
        N/A

        * Loop: 
        +---------------------------------------------------------+---------+---------+----------+-----------+-----------+-------+----------+
        |                                                         |  Latency (cycles) | Iteration|  Initiation Interval  |  Trip |          |
        |                        Loop Name                        |   min   |   max   |  Latency |  achieved |   target  | Count | Pipelined|
        +---------------------------------------------------------+---------+---------+----------+-----------+-----------+-------+----------+
        |- VITIS_LOOP_1297_1_VITIS_LOOP_1298_2_VITIS_LOOP_1299_3  |    98318|    98318|        16|          1|          1|  98304|       yes|
        +---------------------------------------------------------+---------+---------+----------+-----------+-----------+-------+----------+

============================================================
+ Verbose Summary: Synthesis Manager
============================================================
InlineROM: 1
ExposeGlobal: 0
============================================================
+ Verbose Summary: CDFG Model
============================================================
IsTopModel: 0
ResetActiveHigh: 1
IsCombinational: 0
IsDatapathOnly: 0
HasWiredReturn: 1
HasMFsm: 2
HasVarLatency: 1
IsPipeline: 0
IsRtlPipelined: 0
IsInstanceOverlapped: 0
IsDontTouch: 0
HasImplIP: 0
IsGatedGlobalClock: 0

+ Individual pipeline summary: 
  * Pipeline-0: initiation interval (II) = 1, depth = 17


============================================================
+ Verbose Summary: Schedule
============================================================
* Number of FSM states : 17
* Pipeline : 1
  Pipeline-0 : II = 1, D = 17, States = { 1 2 3 4 5 6 7 8 9 10 11 12 13 14 15 16 17 }
* Dataflow Pipeline: 0

* FSM state transitions: 
1 --> 2 
2 --> 3 
3 --> 4 
4 --> 5 
5 --> 6 
6 --> 7 
7 --> 8 
8 --> 9 
9 --> 10 
10 --> 11 
11 --> 12 
12 --> 13 
13 --> 14 
14 --> 15 
15 --> 16 
16 --> 17 
17 --> 

* FSM state operations: 

State 1 <SV = 0> <Delay = 0.42>
ST_1 : Operation 19 [1/1] (0.00ns)   --->   "%v529 = alloca i32 1" [spikingformer_official.cpp:1299]   --->   Operation 19 'alloca' 'v529' <Predicate = true> <Delay = 0.00>
ST_1 : Operation 20 [1/1] (0.00ns)   --->   "%v528 = alloca i32 1" [spikingformer_official.cpp:1298]   --->   Operation 20 'alloca' 'v528' <Predicate = true> <Delay = 0.00>
ST_1 : Operation 21 [1/1] (0.00ns)   --->   "%indvar_flatten = alloca i32 1"   --->   Operation 21 'alloca' 'indvar_flatten' <Predicate = true> <Delay = 0.00>
ST_1 : Operation 22 [1/1] (0.00ns)   --->   "%v527 = alloca i32 1" [spikingformer_official.cpp:1297]   --->   Operation 22 'alloca' 'v527' <Predicate = true> <Delay = 0.00>
ST_1 : Operation 23 [1/1] (0.00ns)   --->   "%indvar_flatten12 = alloca i32 1"   --->   Operation 23 'alloca' 'indvar_flatten12' <Predicate = true> <Delay = 0.00>
ST_1 : Operation 24 [1/1] (0.00ns)   --->   "%specstablecontent_ln0 = specstablecontent void @_ssdm_op_SpecStableContent, i32 %g0, i1 1, void "   --->   Operation 24 'specstablecontent' 'specstablecontent_ln0' <Predicate = true> <Delay = 0.00>
ST_1 : Operation 25 [1/1] (0.00ns)   --->   "%specinterface_ln0 = specinterface void @_ssdm_op_SpecInterface, i32 %g0, void @empty_26, i32 0, i32 0, void @empty_35, i32 0, i32 0, void @empty_22, void @empty_25, void @empty_35, i32 16, i32 16, i32 16, i32 16, void @empty_35, void @empty_35, i32 4294967295, i32 0, i32 0, i32 4"   --->   Operation 25 'specinterface' 'specinterface_ln0' <Predicate = true> <Delay = 0.00>
ST_1 : Operation 26 [1/1] (0.00ns)   --->   "%v526_read = read i64 @_ssdm_op_Read.ap_auto.i64, i64 %v526" [spikingformer_official.cpp:1294]   --->   Operation 26 'read' 'v526_read' <Predicate = true> <Delay = 0.00>
ST_1 : Operation 27 [1/1] (0.00ns)   --->   "%v525_read = read i64 @_ssdm_op_Read.ap_auto.i64, i64 %v525" [spikingformer_official.cpp:1294]   --->   Operation 27 'read' 'v525_read' <Predicate = true> <Delay = 0.00>
ST_1 : Operation 28 [1/1] (0.42ns)   --->   "%store_ln0 = store i17 0, i17 %indvar_flatten12"   --->   Operation 28 'store' 'store_ln0' <Predicate = true> <Delay = 0.42>
ST_1 : Operation 29 [1/1] (0.42ns)   --->   "%store_ln1297 = store i9 0, i9 %v527" [spikingformer_official.cpp:1297]   --->   Operation 29 'store' 'store_ln1297' <Predicate = true> <Delay = 0.42>
ST_1 : Operation 30 [1/1] (0.42ns)   --->   "%store_ln0 = store i10 0, i10 %indvar_flatten"   --->   Operation 30 'store' 'store_ln0' <Predicate = true> <Delay = 0.42>
ST_1 : Operation 31 [1/1] (0.42ns)   --->   "%store_ln1298 = store i5 0, i5 %v528" [spikingformer_official.cpp:1298]   --->   Operation 31 'store' 'store_ln1298' <Predicate = true> <Delay = 0.42>
ST_1 : Operation 32 [1/1] (0.42ns)   --->   "%store_ln1299 = store i5 0, i5 %v529" [spikingformer_official.cpp:1299]   --->   Operation 32 'store' 'store_ln1299' <Predicate = true> <Delay = 0.42>
ST_1 : Operation 33 [1/1] (0.00ns)   --->   "%br_ln1297 = br void %for.inc" [spikingformer_official.cpp:1297]   --->   Operation 33 'br' 'br_ln1297' <Predicate = true> <Delay = 0.00>

State 2 <SV = 1> <Delay = 3.22>
ST_2 : Operation 34 [1/1] (0.00ns)   --->   "%indvar_flatten12_load = load i17 %indvar_flatten12" [spikingformer_official.cpp:1297]   --->   Operation 34 'load' 'indvar_flatten12_load' <Predicate = true> <Delay = 0.00>
ST_2 : Operation 35 [1/1] (0.86ns)   --->   "%icmp_ln1297 = icmp_eq  i17 %indvar_flatten12_load, i17 98304" [spikingformer_official.cpp:1297]   --->   Operation 35 'icmp' 'icmp_ln1297' <Predicate = true> <Delay = 0.86> <CoreInst = "Cmp">   --->   Core 9 'Cmp' <Latency = 0> <II = 1> <Delay = 0.86> <FuncUnit> <Opcode : 'seteq' 'setne' 'setle' 'setge' 'setlt' 'setgt'> <InPorts = 2> <OutPorts = 1>
ST_2 : Operation 36 [1/1] (0.86ns)   --->   "%add_ln1297_1 = add i17 %indvar_flatten12_load, i17 1" [spikingformer_official.cpp:1297]   --->   Operation 36 'add' 'add_ln1297_1' <Predicate = true> <Delay = 0.86> <CoreInst = "Adder">   --->   Core 1 'Adder' <Latency = 0> <II = 1> <Delay = 0.86> <FuncUnit> <Opcode : 'add' 'sub'> <InPorts = 2> <OutPorts = 1>
ST_2 : Operation 37 [1/1] (0.00ns)   --->   "%br_ln1297 = br i1 %icmp_ln1297, void %for.inc24, void %for.end26" [spikingformer_official.cpp:1297]   --->   Operation 37 'br' 'br_ln1297' <Predicate = true> <Delay = 0.00>
ST_2 : Operation 38 [1/1] (0.00ns)   --->   "%v529_load = load i5 %v529" [spikingformer_official.cpp:1299]   --->   Operation 38 'load' 'v529_load' <Predicate = (!icmp_ln1297)> <Delay = 0.00>
ST_2 : Operation 39 [1/1] (0.00ns)   --->   "%v528_load = load i5 %v528" [spikingformer_official.cpp:1297]   --->   Operation 39 'load' 'v528_load' <Predicate = (!icmp_ln1297)> <Delay = 0.00>
ST_2 : Operation 40 [1/1] (0.00ns)   --->   "%indvar_flatten_load = load i10 %indvar_flatten" [spikingformer_official.cpp:1298]   --->   Operation 40 'load' 'indvar_flatten_load' <Predicate = (!icmp_ln1297)> <Delay = 0.00>
ST_2 : Operation 41 [1/1] (0.00ns)   --->   "%v527_load = load i9 %v527" [spikingformer_official.cpp:1297]   --->   Operation 41 'load' 'v527_load' <Predicate = (!icmp_ln1297)> <Delay = 0.00>
ST_2 : Operation 42 [1/1] (0.77ns)   --->   "%add_ln1297 = add i9 %v527_load, i9 1" [spikingformer_official.cpp:1297]   --->   Operation 42 'add' 'add_ln1297' <Predicate = (!icmp_ln1297)> <Delay = 0.77> <CoreInst = "Adder">   --->   Core 1 'Adder' <Latency = 0> <II = 1> <Delay = 0.77> <FuncUnit> <Opcode : 'add' 'sub'> <InPorts = 2> <OutPorts = 1>
ST_2 : Operation 43 [1/1] (0.78ns)   --->   "%icmp_ln1298 = icmp_eq  i10 %indvar_flatten_load, i10 256" [spikingformer_official.cpp:1298]   --->   Operation 43 'icmp' 'icmp_ln1298' <Predicate = (!icmp_ln1297)> <Delay = 0.78> <CoreInst = "Cmp">   --->   Core 9 'Cmp' <Latency = 0> <II = 1> <Delay = 0.78> <FuncUnit> <Opcode : 'seteq' 'setne' 'setle' 'setge' 'setlt' 'setgt'> <InPorts = 2> <OutPorts = 1>
ST_2 : Operation 44 [1/1] (0.41ns)   --->   "%select_ln1297 = select i1 %icmp_ln1298, i5 0, i5 %v528_load" [spikingformer_official.cpp:1297]   --->   Operation 44 'select' 'select_ln1297' <Predicate = (!icmp_ln1297)> <Delay = 0.41> <CoreInst = "Sel">   --->   Core 73 'Sel' <Latency = 0> <II = 1> <Delay = 0.41> <FuncUnit> <Opcode : 'select'> <InPorts = 3> <OutPorts = 1>
ST_2 : Operation 45 [1/1] (0.00ns) (grouped into LUT with out node and_ln1297)   --->   "%xor_ln1297 = xor i1 %icmp_ln1298, i1 1" [spikingformer_official.cpp:1297]   --->   Operation 45 'xor' 'xor_ln1297' <Predicate = (!icmp_ln1297)> <Delay = 0.00> <CoreInst = "LogicGate">   --->   Core 74 'LogicGate' <Latency = 0> <II = 1> <Delay = 0.28> <FuncUnit> <Opcode : 'and' 'or' 'xor'> <InPorts = 2> <OutPorts = 1>
ST_2 : Operation 46 [1/1] (0.78ns)   --->   "%icmp_ln1299 = icmp_eq  i5 %v529_load, i5 16" [spikingformer_official.cpp:1299]   --->   Operation 46 'icmp' 'icmp_ln1299' <Predicate = (!icmp_ln1297)> <Delay = 0.78> <CoreInst = "Cmp">   --->   Core 9 'Cmp' <Latency = 0> <II = 1> <Delay = 0.78> <FuncUnit> <Opcode : 'seteq' 'setne' 'setle' 'setge' 'setlt' 'setgt'> <InPorts = 2> <OutPorts = 1>
ST_2 : Operation 47 [1/1] (0.28ns) (out node of the LUT)   --->   "%and_ln1297 = and i1 %icmp_ln1299, i1 %xor_ln1297" [spikingformer_official.cpp:1297]   --->   Operation 47 'and' 'and_ln1297' <Predicate = (!icmp_ln1297)> <Delay = 0.28> <CoreInst = "LogicGate">   --->   Core 74 'LogicGate' <Latency = 0> <II = 1> <Delay = 0.28> <FuncUnit> <Opcode : 'and' 'or' 'xor'> <InPorts = 2> <OutPorts = 1>
ST_2 : Operation 48 [1/1] (0.39ns)   --->   "%select_ln1297_1 = select i1 %icmp_ln1298, i9 %add_ln1297, i9 %v527_load" [spikingformer_official.cpp:1297]   --->   Operation 48 'select' 'select_ln1297_1' <Predicate = (!icmp_ln1297)> <Delay = 0.39> <CoreInst = "Sel">   --->   Core 73 'Sel' <Latency = 0> <II = 1> <Delay = 0.39> <FuncUnit> <Opcode : 'select'> <InPorts = 3> <OutPorts = 1>
ST_2 : Operation 49 [1/1] (0.78ns)   --->   "%add_ln1298 = add i5 %select_ln1297, i5 1" [spikingformer_official.cpp:1298]   --->   Operation 49 'add' 'add_ln1298' <Predicate = (!icmp_ln1297)> <Delay = 0.78> <CoreInst = "Adder">   --->   Core 1 'Adder' <Latency = 0> <II = 1> <Delay = 0.78> <FuncUnit> <Opcode : 'add' 'sub'> <InPorts = 2> <OutPorts = 1>
ST_2 : Operation 50 [1/1] (0.00ns) (grouped into LUT with out node v529_mid2)   --->   "%empty = or i1 %and_ln1297, i1 %icmp_ln1298" [spikingformer_official.cpp:1297]   --->   Operation 50 'or' 'empty' <Predicate = (!icmp_ln1297)> <Delay = 0.00> <CoreInst = "LogicGate">   --->   Core 74 'LogicGate' <Latency = 0> <II = 1> <Delay = 0.28> <FuncUnit> <Opcode : 'and' 'or' 'xor'> <InPorts = 2> <OutPorts = 1>
ST_2 : Operation 51 [1/1] (0.41ns) (out node of the LUT)   --->   "%v529_mid2 = select i1 %empty, i5 0, i5 %v529_load" [spikingformer_official.cpp:1297]   --->   Operation 51 'select' 'v529_mid2' <Predicate = (!icmp_ln1297)> <Delay = 0.41> <CoreInst = "Sel">   --->   Core 73 'Sel' <Latency = 0> <II = 1> <Delay = 0.41> <FuncUnit> <Opcode : 'select'> <InPorts = 3> <OutPorts = 1>
ST_2 : Operation 52 [1/1] (0.41ns)   --->   "%select_ln1298 = select i1 %and_ln1297, i5 %add_ln1298, i5 %select_ln1297" [spikingformer_official.cpp:1298]   --->   Operation 52 'select' 'select_ln1298' <Predicate = (!icmp_ln1297)> <Delay = 0.41> <CoreInst = "Sel">   --->   Core 73 'Sel' <Latency = 0> <II = 1> <Delay = 0.41> <FuncUnit> <Opcode : 'select'> <InPorts = 3> <OutPorts = 1>
ST_2 : Operation 53 [1/1] (0.00ns)   --->   "%shl_ln = bitconcatenate i19 @_ssdm_op_BitConcatenate.i19.i9.i10, i9 %select_ln1297_1, i10 0" [spikingformer_official.cpp:1303]   --->   Operation 53 'bitconcatenate' 'shl_ln' <Predicate = (!icmp_ln1297)> <Delay = 0.00>
ST_2 : Operation 54 [1/1] (0.00ns)   --->   "%zext_ln1298 = zext i19 %shl_ln" [spikingformer_official.cpp:1298]   --->   Operation 54 'zext' 'zext_ln1298' <Predicate = (!icmp_ln1297)> <Delay = 0.00>
ST_2 : Operation 55 [1/1] (0.00ns)   --->   "%trunc_ln1303 = trunc i5 %v529_mid2" [spikingformer_official.cpp:1303]   --->   Operation 55 'trunc' 'trunc_ln1303' <Predicate = (!icmp_ln1297)> <Delay = 0.00>
ST_2 : Operation 56 [1/1] (0.00ns) (grouped into TernaryAdder)   --->   "%add_ln1303 = add i64 %zext_ln1298, i64 %v525_read" [spikingformer_official.cpp:1303]   --->   Operation 56 'add' 'add_ln1303' <Predicate = (!icmp_ln1297)> <Delay = 0.00> <CoreInst = "TAddSub">   --->   Core 10 'TAddSub' <Latency = 0> <II = 1> <Delay = 0.40> <IPBlock> <Opcode : 'add' 'sub'> <InPorts = 3> <OutPorts = 1> <Sync> <CReg>
ST_2 : Operation 57 [1/1] (0.00ns)   --->   "%trunc_ln1303_1 = trunc i5 %select_ln1298" [spikingformer_official.cpp:1303]   --->   Operation 57 'trunc' 'trunc_ln1303_1' <Predicate = (!icmp_ln1297)> <Delay = 0.00>
ST_2 : Operation 58 [1/1] (0.00ns)   --->   "%tmp1 = bitconcatenate i10 @_ssdm_op_BitConcatenate.i10.i4.i4.i2, i4 %trunc_ln1303_1, i4 %trunc_ln1303, i2 0" [spikingformer_official.cpp:1303]   --->   Operation 58 'bitconcatenate' 'tmp1' <Predicate = (!icmp_ln1297)> <Delay = 0.00>
ST_2 : Operation 59 [1/1] (0.00ns)   --->   "%zext_ln1303 = zext i10 %tmp1" [spikingformer_official.cpp:1303]   --->   Operation 59 'zext' 'zext_ln1303' <Predicate = (!icmp_ln1297)> <Delay = 0.00>
ST_2 : Operation 60 [1/1] (0.81ns) (root node of TernaryAdder)   --->   "%add_ln1303_1 = add i64 %zext_ln1303, i64 %add_ln1303" [spikingformer_official.cpp:1303]   --->   Operation 60 'add' 'add_ln1303_1' <Predicate = (!icmp_ln1297)> <Delay = 0.81> <CoreInst = "TAddSub">   --->   Core 10 'TAddSub' <Latency = 0> <II = 1> <Delay = 0.40> <IPBlock> <Opcode : 'add' 'sub'> <InPorts = 3> <OutPorts = 1> <Sync> <CReg>
ST_2 : Operation 61 [1/1] (0.00ns)   --->   "%trunc_ln = partselect i62 @_ssdm_op_PartSelect.i62.i64.i32.i32, i64 %add_ln1303_1, i32 2, i32 63" [spikingformer_official.cpp:1303]   --->   Operation 61 'partselect' 'trunc_ln' <Predicate = (!icmp_ln1297)> <Delay = 0.00>
ST_2 : Operation 62 [1/1] (0.00ns)   --->   "%sext_ln1303 = sext i62 %trunc_ln" [spikingformer_official.cpp:1303]   --->   Operation 62 'sext' 'sext_ln1303' <Predicate = (!icmp_ln1297)> <Delay = 0.00>
ST_2 : Operation 63 [1/1] (0.00ns)   --->   "%g0_addr = getelementptr i32 %g0, i64 %sext_ln1303" [spikingformer_official.cpp:1303]   --->   Operation 63 'getelementptr' 'g0_addr' <Predicate = (!icmp_ln1297)> <Delay = 0.00>
ST_2 : Operation 64 [1/1] (0.00ns) (grouped into TernaryAdder)   --->   "%add_ln1304 = add i64 %zext_ln1298, i64 %v526_read" [spikingformer_official.cpp:1304]   --->   Operation 64 'add' 'add_ln1304' <Predicate = (!icmp_ln1297)> <Delay = 0.00> <CoreInst = "TAddSub">   --->   Core 10 'TAddSub' <Latency = 0> <II = 1> <Delay = 0.40> <IPBlock> <Opcode : 'add' 'sub'> <InPorts = 3> <OutPorts = 1> <Sync> <CReg>
ST_2 : Operation 65 [1/1] (0.81ns) (root node of TernaryAdder)   --->   "%add_ln1304_1 = add i64 %zext_ln1303, i64 %add_ln1304" [spikingformer_official.cpp:1304]   --->   Operation 65 'add' 'add_ln1304_1' <Predicate = (!icmp_ln1297)> <Delay = 0.81> <CoreInst = "TAddSub">   --->   Core 10 'TAddSub' <Latency = 0> <II = 1> <Delay = 0.40> <IPBlock> <Opcode : 'add' 'sub'> <InPorts = 3> <OutPorts = 1> <Sync> <CReg>
ST_2 : Operation 66 [1/1] (0.00ns)   --->   "%trunc_ln19 = partselect i62 @_ssdm_op_PartSelect.i62.i64.i32.i32, i64 %add_ln1304_1, i32 2, i32 63" [spikingformer_official.cpp:1304]   --->   Operation 66 'partselect' 'trunc_ln19' <Predicate = (!icmp_ln1297)> <Delay = 0.00>
ST_2 : Operation 67 [1/1] (0.00ns)   --->   "%sext_ln1304 = sext i62 %trunc_ln19" [spikingformer_official.cpp:1304]   --->   Operation 67 'sext' 'sext_ln1304' <Predicate = (!icmp_ln1297)> <Delay = 0.00>
ST_2 : Operation 68 [1/1] (0.00ns)   --->   "%g0_addr_24 = getelementptr i32 %g0, i64 %sext_ln1304" [spikingformer_official.cpp:1304]   --->   Operation 68 'getelementptr' 'g0_addr_24' <Predicate = (!icmp_ln1297)> <Delay = 0.00>
ST_2 : Operation 69 [1/1] (0.78ns)   --->   "%add_ln1299 = add i5 %v529_mid2, i5 1" [spikingformer_official.cpp:1299]   --->   Operation 69 'add' 'add_ln1299' <Predicate = (!icmp_ln1297)> <Delay = 0.78> <CoreInst = "Adder">   --->   Core 1 'Adder' <Latency = 0> <II = 1> <Delay = 0.78> <FuncUnit> <Opcode : 'add' 'sub'> <InPorts = 2> <OutPorts = 1>
ST_2 : Operation 70 [1/1] (0.78ns)   --->   "%add_ln1298_1 = add i10 %indvar_flatten_load, i10 1" [spikingformer_official.cpp:1298]   --->   Operation 70 'add' 'add_ln1298_1' <Predicate = (!icmp_ln1297)> <Delay = 0.78> <CoreInst = "Adder">   --->   Core 1 'Adder' <Latency = 0> <II = 1> <Delay = 0.78> <FuncUnit> <Opcode : 'add' 'sub'> <InPorts = 2> <OutPorts = 1>
ST_2 : Operation 71 [1/1] (0.40ns)   --->   "%select_ln1298_1 = select i1 %icmp_ln1298, i10 1, i10 %add_ln1298_1" [spikingformer_official.cpp:1298]   --->   Operation 71 'select' 'select_ln1298_1' <Predicate = (!icmp_ln1297)> <Delay = 0.40> <CoreInst = "Sel">   --->   Core 73 'Sel' <Latency = 0> <II = 1> <Delay = 0.40> <FuncUnit> <Opcode : 'select'> <InPorts = 3> <OutPorts = 1>
ST_2 : Operation 72 [1/1] (0.42ns)   --->   "%store_ln1297 = store i17 %add_ln1297_1, i17 %indvar_flatten12" [spikingformer_official.cpp:1297]   --->   Operation 72 'store' 'store_ln1297' <Predicate = (!icmp_ln1297)> <Delay = 0.42>
ST_2 : Operation 73 [1/1] (0.42ns)   --->   "%store_ln1297 = store i9 %select_ln1297_1, i9 %v527" [spikingformer_official.cpp:1297]   --->   Operation 73 'store' 'store_ln1297' <Predicate = (!icmp_ln1297)> <Delay = 0.42>
ST_2 : Operation 74 [1/1] (0.42ns)   --->   "%store_ln1298 = store i10 %select_ln1298_1, i10 %indvar_flatten" [spikingformer_official.cpp:1298]   --->   Operation 74 'store' 'store_ln1298' <Predicate = (!icmp_ln1297)> <Delay = 0.42>
ST_2 : Operation 75 [1/1] (0.42ns)   --->   "%store_ln1298 = store i5 %select_ln1298, i5 %v528" [spikingformer_official.cpp:1298]   --->   Operation 75 'store' 'store_ln1298' <Predicate = (!icmp_ln1297)> <Delay = 0.42>
ST_2 : Operation 76 [1/1] (0.42ns)   --->   "%store_ln1299 = store i5 %add_ln1299, i5 %v529" [spikingformer_official.cpp:1299]   --->   Operation 76 'store' 'store_ln1299' <Predicate = (!icmp_ln1297)> <Delay = 0.42>

State 3 <SV = 2> <Delay = 0.00>
ST_3 : Operation 77 [8/8] (7.30ns)   --->   "%v530_req = readreq i1 @_ssdm_op_ReadReq.m_axi.i32P1A, i32 %g0_addr, i64 1" [spikingformer_official.cpp:1303]   --->   Operation 77 'readreq' 'v530_req' <Predicate = true> <Delay = 7.30> <CoreInst = "m_axi">   --->   Core 119 'm_axi' <Latency = 6> <II = 1> <Delay = 1.00> <Adapter> <Opcode : 'readrequnaligned' 'writerequnaligned' 'read' 'write' 'readreq' 'writereq' 'writeresp'>

State 4 <SV = 3> <Delay = 0.00>
ST_4 : Operation 78 [7/8] (7.30ns)   --->   "%v530_req = readreq i1 @_ssdm_op_ReadReq.m_axi.i32P1A, i32 %g0_addr, i64 1" [spikingformer_official.cpp:1303]   --->   Operation 78 'readreq' 'v530_req' <Predicate = true> <Delay = 7.30> <CoreInst = "m_axi">   --->   Core 119 'm_axi' <Latency = 6> <II = 1> <Delay = 1.00> <Adapter> <Opcode : 'readrequnaligned' 'writerequnaligned' 'read' 'write' 'readreq' 'writereq' 'writeresp'>

State 5 <SV = 4> <Delay = 0.00>
ST_5 : Operation 79 [6/8] (7.30ns)   --->   "%v530_req = readreq i1 @_ssdm_op_ReadReq.m_axi.i32P1A, i32 %g0_addr, i64 1" [spikingformer_official.cpp:1303]   --->   Operation 79 'readreq' 'v530_req' <Predicate = true> <Delay = 7.30> <CoreInst = "m_axi">   --->   Core 119 'm_axi' <Latency = 6> <II = 1> <Delay = 1.00> <Adapter> <Opcode : 'readrequnaligned' 'writerequnaligned' 'read' 'write' 'readreq' 'writereq' 'writeresp'>

State 6 <SV = 5> <Delay = 0.00>
ST_6 : Operation 80 [5/8] (7.30ns)   --->   "%v530_req = readreq i1 @_ssdm_op_ReadReq.m_axi.i32P1A, i32 %g0_addr, i64 1" [spikingformer_official.cpp:1303]   --->   Operation 80 'readreq' 'v530_req' <Predicate = true> <Delay = 7.30> <CoreInst = "m_axi">   --->   Core 119 'm_axi' <Latency = 6> <II = 1> <Delay = 1.00> <Adapter> <Opcode : 'readrequnaligned' 'writerequnaligned' 'read' 'write' 'readreq' 'writereq' 'writeresp'>

State 7 <SV = 6> <Delay = 0.00>
ST_7 : Operation 81 [4/8] (7.30ns)   --->   "%v530_req = readreq i1 @_ssdm_op_ReadReq.m_axi.i32P1A, i32 %g0_addr, i64 1" [spikingformer_official.cpp:1303]   --->   Operation 81 'readreq' 'v530_req' <Predicate = true> <Delay = 7.30> <CoreInst = "m_axi">   --->   Core 119 'm_axi' <Latency = 6> <II = 1> <Delay = 1.00> <Adapter> <Opcode : 'readrequnaligned' 'writerequnaligned' 'read' 'write' 'readreq' 'writereq' 'writeresp'>

State 8 <SV = 7> <Delay = 0.00>
ST_8 : Operation 82 [3/8] (7.30ns)   --->   "%v530_req = readreq i1 @_ssdm_op_ReadReq.m_axi.i32P1A, i32 %g0_addr, i64 1" [spikingformer_official.cpp:1303]   --->   Operation 82 'readreq' 'v530_req' <Predicate = true> <Delay = 7.30> <CoreInst = "m_axi">   --->   Core 119 'm_axi' <Latency = 6> <II = 1> <Delay = 1.00> <Adapter> <Opcode : 'readrequnaligned' 'writerequnaligned' 'read' 'write' 'readreq' 'writereq' 'writeresp'>

State 9 <SV = 8> <Delay = 0.00>
ST_9 : Operation 83 [2/8] (7.30ns)   --->   "%v530_req = readreq i1 @_ssdm_op_ReadReq.m_axi.i32P1A, i32 %g0_addr, i64 1" [spikingformer_official.cpp:1303]   --->   Operation 83 'readreq' 'v530_req' <Predicate = true> <Delay = 7.30> <CoreInst = "m_axi">   --->   Core 119 'm_axi' <Latency = 6> <II = 1> <Delay = 1.00> <Adapter> <Opcode : 'readrequnaligned' 'writerequnaligned' 'read' 'write' 'readreq' 'writereq' 'writeresp'>

State 10 <SV = 9> <Delay = 7.30>
ST_10 : Operation 84 [1/8] ( I:7.30ns O:7.30ns )   --->   "%v530_req = readreq i1 @_ssdm_op_ReadReq.m_axi.i32P1A, i32 %g0_addr, i64 1" [spikingformer_official.cpp:1303]   --->   Operation 84 'readreq' 'v530_req' <Predicate = true> <Delay = 7.30> <CoreInst = "m_axi">   --->   Core 119 'm_axi' <Latency = 6> <II = 1> <Delay = 1.00> <Adapter> <Opcode : 'readrequnaligned' 'writerequnaligned' 'read' 'write' 'readreq' 'writereq' 'writeresp'>

State 11 <SV = 10> <Delay = 7.30>
ST_11 : Operation 85 [1/1] ( I:7.30ns O:7.30ns )   --->   "%v530 = read i32 @_ssdm_op_Read.m_axi.i32P1A, i32 %g0_addr" [spikingformer_official.cpp:1303]   --->   Operation 85 'read' 'v530' <Predicate = true> <Delay = 7.30> <CoreInst = "m_axi">   --->   Core 119 'm_axi' <Latency = 3> <II = 1> <Delay = 1.00> <Adapter> <Opcode : 'readrequnaligned' 'writerequnaligned' 'read' 'write' 'readreq' 'writereq' 'writeresp'>
ST_11 : Operation 86 [1/1] ( I:7.30ns O:7.30ns )   --->   "%g0_addr_65_req = writereq i1 @_ssdm_op_WriteReq.m_axi.i32P1A, i32 %g0_addr_24, i64 1" [spikingformer_official.cpp:1304]   --->   Operation 86 'writereq' 'g0_addr_65_req' <Predicate = true> <Delay = 7.30> <CoreInst = "m_axi">   --->   Core 119 'm_axi' <Latency = 9> <II = 1> <Delay = 1.00> <Adapter> <Opcode : 'readrequnaligned' 'writerequnaligned' 'read' 'write' 'readreq' 'writereq' 'writeresp'>

State 12 <SV = 11> <Delay = 7.30>
ST_12 : Operation 87 [1/1] ( I:7.30ns O:7.30ns )   --->   "%write_ln1304 = write void @_ssdm_op_Write.m_axi.i32P1A, i32 %g0_addr_24, i32 %v530, i4 15" [spikingformer_official.cpp:1304]   --->   Operation 87 'write' 'write_ln1304' <Predicate = true> <Delay = 7.30> <CoreInst = "m_axi">   --->   Core 119 'm_axi' <Latency = 5> <II = 1> <Delay = 1.00> <Adapter> <Opcode : 'readrequnaligned' 'writerequnaligned' 'read' 'write' 'readreq' 'writereq' 'writeresp'>

State 13 <SV = 12> <Delay = 0.00>
ST_13 : Operation 88 [5/5] (7.30ns)   --->   "%g0_addr_65_resp = writeresp i1 @_ssdm_op_WriteResp.m_axi.i32P1A, i32 %g0_addr_24" [spikingformer_official.cpp:1304]   --->   Operation 88 'writeresp' 'g0_addr_65_resp' <Predicate = true> <Delay = 7.30> <CoreInst = "m_axi">   --->   Core 119 'm_axi' <Latency = 3> <II = 1> <Delay = 1.00> <Adapter> <Opcode : 'readrequnaligned' 'writerequnaligned' 'read' 'write' 'readreq' 'writereq' 'writeresp'>

State 14 <SV = 13> <Delay = 0.00>
ST_14 : Operation 89 [4/5] (7.30ns)   --->   "%g0_addr_65_resp = writeresp i1 @_ssdm_op_WriteResp.m_axi.i32P1A, i32 %g0_addr_24" [spikingformer_official.cpp:1304]   --->   Operation 89 'writeresp' 'g0_addr_65_resp' <Predicate = true> <Delay = 7.30> <CoreInst = "m_axi">   --->   Core 119 'm_axi' <Latency = 3> <II = 1> <Delay = 1.00> <Adapter> <Opcode : 'readrequnaligned' 'writerequnaligned' 'read' 'write' 'readreq' 'writereq' 'writeresp'>

State 15 <SV = 14> <Delay = 0.00>
ST_15 : Operation 90 [3/5] (7.30ns)   --->   "%g0_addr_65_resp = writeresp i1 @_ssdm_op_WriteResp.m_axi.i32P1A, i32 %g0_addr_24" [spikingformer_official.cpp:1304]   --->   Operation 90 'writeresp' 'g0_addr_65_resp' <Predicate = true> <Delay = 7.30> <CoreInst = "m_axi">   --->   Core 119 'm_axi' <Latency = 3> <II = 1> <Delay = 1.00> <Adapter> <Opcode : 'readrequnaligned' 'writerequnaligned' 'read' 'write' 'readreq' 'writereq' 'writeresp'>

State 16 <SV = 15> <Delay = 0.42>
ST_16 : Operation 91 [2/5] (7.30ns)   --->   "%g0_addr_65_resp = writeresp i1 @_ssdm_op_WriteResp.m_axi.i32P1A, i32 %g0_addr_24" [spikingformer_official.cpp:1304]   --->   Operation 91 'writeresp' 'g0_addr_65_resp' <Predicate = true> <Delay = 7.30> <CoreInst = "m_axi">   --->   Core 119 'm_axi' <Latency = 3> <II = 1> <Delay = 1.00> <Adapter> <Opcode : 'readrequnaligned' 'writerequnaligned' 'read' 'write' 'readreq' 'writereq' 'writeresp'>
ST_16 : Operation 97 [1/1] (0.42ns)   --->   "%ret_ln1308 = ret" [spikingformer_official.cpp:1308]   --->   Operation 97 'ret' 'ret_ln1308' <Predicate = (icmp_ln1297)> <Delay = 0.42>

State 17 <SV = 16> <Delay = 7.30>
ST_17 : Operation 92 [1/1] (0.00ns)   --->   "%specloopname_ln0 = specloopname void @_ssdm_op_SpecLoopName, void @VITIS_LOOP_1297_1_VITIS_LOOP_1298_2_VITIS_LOOP_1299_3_str"   --->   Operation 92 'specloopname' 'specloopname_ln0' <Predicate = true> <Delay = 0.00>
ST_17 : Operation 93 [1/1] (0.00ns)   --->   "%speclooptripcount_ln0 = speclooptripcount void @_ssdm_op_SpecLoopTripCount, i64 98304, i64 98304, i64 98304"   --->   Operation 93 'speclooptripcount' 'speclooptripcount_ln0' <Predicate = true> <Delay = 0.00>
ST_17 : Operation 94 [1/1] (0.00ns)   --->   "%specpipeline_ln1300 = specpipeline void @_ssdm_op_SpecPipeline, i32 1, i32 0, i32 0, i32 0, i32 4294967295, void @empty_35" [spikingformer_official.cpp:1300]   --->   Operation 94 'specpipeline' 'specpipeline_ln1300' <Predicate = true> <Delay = 0.00>
ST_17 : Operation 95 [1/5] ( I:7.30ns O:7.30ns )   --->   "%g0_addr_65_resp = writeresp i1 @_ssdm_op_WriteResp.m_axi.i32P1A, i32 %g0_addr_24" [spikingformer_official.cpp:1304]   --->   Operation 95 'writeresp' 'g0_addr_65_resp' <Predicate = true> <Delay = 7.30> <CoreInst = "m_axi">   --->   Core 119 'm_axi' <Latency = 3> <II = 1> <Delay = 1.00> <Adapter> <Opcode : 'readrequnaligned' 'writerequnaligned' 'read' 'write' 'readreq' 'writereq' 'writeresp'>
ST_17 : Operation 96 [1/1] (0.00ns)   --->   "%br_ln1299 = br void %for.inc" [spikingformer_official.cpp:1299]   --->   Operation 96 'br' 'br_ln1299' <Predicate = true> <Delay = 0.00>


============================================================
+ Verbose Summary: Timing violations
============================================================
Target clock period: 10.000ns, clock uncertainty: 2.700ns.

 <State 1>: 0.427ns
The critical path consists of the following:
	'alloca' operation 17 bit ('indvar_flatten12') [8]  (0.000 ns)
	'store' operation ('store_ln0') of constant 0 17 bit on local variable 'indvar_flatten12' [13]  (0.427 ns)

 <State 2>: 3.223ns
The critical path consists of the following:
	'load' operation 10 bit ('indvar_flatten_load', spikingformer_official.cpp:1298) on local variable 'indvar_flatten' [27]  (0.000 ns)
	'icmp' operation 1 bit ('icmp_ln1298', spikingformer_official.cpp:1298) [32]  (0.787 ns)
	'select' operation 5 bit ('select_ln1297', spikingformer_official.cpp:1297) [33]  (0.414 ns)
	'add' operation 5 bit ('add_ln1298', spikingformer_official.cpp:1298) [38]  (0.789 ns)
	'select' operation 5 bit ('select_ln1298', spikingformer_official.cpp:1298) [41]  (0.414 ns)
	'add' operation 64 bit ('add_ln1303_1', spikingformer_official.cpp:1303) [50]  (0.819 ns)

 <State 3>: 0.000ns
The critical path consists of the following:

 <State 4>: 0.000ns
The critical path consists of the following:

 <State 5>: 0.000ns
The critical path consists of the following:

 <State 6>: 0.000ns
The critical path consists of the following:

 <State 7>: 0.000ns
The critical path consists of the following:

 <State 8>: 0.000ns
The critical path consists of the following:

 <State 9>: 0.000ns
The critical path consists of the following:

 <State 10>: 7.300ns
The critical path consists of the following:
	bus request operation ('v530_req', spikingformer_official.cpp:1303) on port 'g0' (spikingformer_official.cpp:1303) [54]  (7.300 ns)

 <State 11>: 7.300ns
The critical path consists of the following:
	bus read operation ('v530', spikingformer_official.cpp:1303) on port 'g0' (spikingformer_official.cpp:1303) [55]  (7.300 ns)

 <State 12>: 7.300ns
The critical path consists of the following:
	bus write operation ('write_ln1304', spikingformer_official.cpp:1304) on port 'g0' (spikingformer_official.cpp:1304) [62]  (7.300 ns)

 <State 13>: 0.000ns
The critical path consists of the following:

 <State 14>: 0.000ns
The critical path consists of the following:

 <State 15>: 0.000ns
The critical path consists of the following:

 <State 16>: 0.427ns
The critical path consists of the following:

 <State 17>: 7.300ns
The critical path consists of the following:
	bus response operation ('g0_addr_65_resp', spikingformer_official.cpp:1304) on port 'g0' (spikingformer_official.cpp:1304) [63]  (7.300 ns)


============================================================
+ Verbose Summary: Binding
============================================================
N/A
* FSMD analyzer results:
  - Output states:
 - Input state : 
  - Chain level:
	State 1
	State 2
	State 3
	State 4
	State 5
	State 6
	State 7
	State 8
	State 9
	State 10
	State 11
	State 12
	State 13
	State 14
	State 15
	State 16
	State 17


============================================================
+ Verbose Summary: Datapath Resource usage 
============================================================
N/A
