

================================================================
== Vitis HLS Report for 'kernel531'
================================================================
* Date:           Sun Jul 12 20:26:40 2026

* Version:        2025.2 (Build 6295257 on Nov 14 2025)
* Project:        spikingformer_proj
* Solution:       solution1 (Vivado IP Flow Target)
* Product family: zynquplus
* Target device:  xczu7ev-ffvc1156-2-e


================================================================
== Performance Estimates
================================================================
+ Timing: 
    * Summary: 
    +--------+----------+----------+------------+
    |  Clock |  Target  | Estimated| Uncertainty|
    +--------+----------+----------+------------+
    |ap_clk  |  10.00 ns|  7.300 ns|     2.70 ns|
    +--------+----------+----------+------------+

+ Latency: 
    * Summary: 
    +---------+---------+----------+----------+-----+-----+-------------------+
    |  Latency (cycles) |  Latency (absolute) |  Interval |      Pipeline     |
    |   min   |   max   |    min   |    max   | min | max |        Type       |
    +---------+---------+----------+----------+-----+-----+-------------------+
    |    98320|    98320|  0.983 ms|  0.983 ms|    0|    0|  loop pipeline stp|
    +---------+---------+----------+----------+-----+-----+-------------------+

    + Detail: 
        * Instance: 
        N/A

        * Loop: 
        +---------------------------------------------------------+---------+---------+----------+-----------+-----------+-------+----------+
        |                                                         |  Latency (cycles) | Iteration|  Initiation Interval  |  Trip |          |
        |                        Loop Name                        |   min   |   max   |  Latency |  achieved |   target  | Count | Pipelined|
        +---------------------------------------------------------+---------+---------+----------+-----------+-----------+-------+----------+
        |- VITIS_LOOP_1297_1_VITIS_LOOP_1298_2_VITIS_LOOP_1299_3  |    98318|    98318|        16|          1|          1|  98304|       yes|
        +---------------------------------------------------------+---------+---------+----------+-----------+-----------+-------+----------+



================================================================
== Utilization Estimates
================================================================
* Summary: 
+-----------------+---------+------+--------+--------+-----+
|       Name      | BRAM_18K|  DSP |   FF   |   LUT  | URAM|
+-----------------+---------+------+--------+--------+-----+
|DSP              |        -|     -|       -|       -|    -|
|Expression       |        -|     -|       0|     445|    -|
|FIFO             |        -|     -|       -|       -|    -|
|Instance         |        -|     -|       -|       -|    -|
|Memory           |        -|     -|       -|       -|    -|
|Multiplexer      |        -|     -|       0|     117|    -|
|Register         |        -|     -|     306|      32|    -|
+-----------------+---------+------+--------+--------+-----+
|Total            |        0|     0|     306|     594|    0|
+-----------------+---------+------+--------+--------+-----+
|Available        |      624|  1728|  460800|  230400|   96|
+-----------------+---------+------+--------+--------+-----+
|Utilization (%)  |        0|     0|      ~0|      ~0|    0|
+-----------------+---------+------+--------+--------+-----+

+ Detail: 
    * Instance: 
    N/A

    * DSP: 
    N/A

    * Memory: 
    N/A

    * FIFO: 
    N/A

    * Expression: 
    +--------------------------------+----------+----+---+----+------------+------------+
    |          Variable Name         | Operation| DSP| FF| LUT| Bitwidth P0| Bitwidth P1|
    +--------------------------------+----------+----+---+----+------------+------------+
    |add_ln1297_1_fu_190_p2          |         +|   0|  0|  24|          17|           1|
    |add_ln1297_fu_208_p2            |         +|   0|  0|  16|           9|           1|
    |add_ln1298_1_fu_384_p2          |         +|   0|  0|  17|          10|           1|
    |add_ln1298_fu_254_p2            |         +|   0|  0|  12|           5|           1|
    |add_ln1299_fu_378_p2            |         +|   0|  0|  12|           5|           1|
    |add_ln1303_1_fu_321_p2          |         +|   0|  0|  64|          64|          64|
    |add_ln1303_fu_298_p2            |         +|   0|  0|  64|          64|          64|
    |add_ln1304_1_fu_352_p2          |         +|   0|  0|  64|          64|          64|
    |add_ln1304_fu_347_p2            |         +|   0|  0|  64|          64|          64|
    |and_ln1297_fu_240_p2            |       and|   0|  0|   2|           1|           1|
    |ap_block_pp0_stage0_01001_grp2  |       and|   0|  0|   2|           1|           1|
    |ap_block_pp0_stage0_11001_grp1  |       and|   0|  0|   2|           1|           1|
    |ap_block_pp0_stage0_11001_grp3  |       and|   0|  0|   2|           1|           1|
    |ap_block_pp0_stage0_11001_grp5  |       and|   0|  0|   2|           1|           1|
    |icmp_ln1297_fu_184_p2           |      icmp|   0|  0|  24|          17|          17|
    |icmp_ln1298_fu_214_p2           |      icmp|   0|  0|  17|          10|           9|
    |icmp_ln1299_fu_234_p2           |      icmp|   0|  0|  13|           5|           6|
    |ap_block_pp0_stage0_11001       |        or|   0|  0|   2|           1|           1|
    |ap_block_pp0_stage0_11001_grp2  |        or|   0|  0|   2|           1|           1|
    |empty_fu_260_p2                 |        or|   0|  0|   2|           1|           1|
    |select_ln1297_1_fu_246_p3       |    select|   0|  0|   9|           1|           9|
    |select_ln1297_fu_220_p3         |    select|   0|  0|   5|           1|           1|
    |select_ln1298_1_fu_390_p3       |    select|   0|  0|  10|           1|           1|
    |select_ln1298_fu_274_p3         |    select|   0|  0|   5|           1|           5|
    |v529_mid2_fu_266_p3             |    select|   0|  0|   5|           1|           1|
    |ap_enable_pp0                   |       xor|   0|  0|   2|           1|           2|
    |xor_ln1297_fu_228_p2            |       xor|   0|  0|   2|           1|           2|
    +--------------------------------+----------+----+---+----+------------+------------+
    |Total                           |          |   0|  0| 445|         349|         322|
    +--------------------------------+----------+----+---+----+------------+------------+

    * Multiplexer: 
    +-------------------------+----+-----------+-----+-----------+
    |           Name          | LUT| Input Size| Bits| Total Bits|
    +-------------------------+----+-----------+-----+-----------+
    |ap_done_int              |   9|          2|    1|          2|
    |ap_enable_reg_pp0_iter1  |   9|          2|    1|          2|
    |ap_enable_reg_pp0_iter2  |   9|          2|    1|          2|
    |g0_blk_n_AR              |   9|          2|    1|          2|
    |g0_blk_n_AW              |   9|          2|    1|          2|
    |g0_blk_n_B               |   9|          2|    1|          2|
    |g0_blk_n_R               |   9|          2|    1|          2|
    |g0_blk_n_W               |   9|          2|    1|          2|
    |indvar_flatten12_fu_108  |   9|          2|   17|         34|
    |indvar_flatten_fu_100    |   9|          2|   10|         20|
    |v527_fu_104              |   9|          2|    9|         18|
    |v528_fu_96               |   9|          2|    5|         10|
    |v529_fu_92               |   9|          2|    5|         10|
    +-------------------------+----+-----------+-----+-----------+
    |Total                    | 117|         26|   54|        108|
    +-------------------------+----+-----------+-----+-----------+

    * Register: 
    +-------------------------------------------+----+----+-----+-----------+
    |                    Name                   | FF | LUT| Bits| Const Bits|
    +-------------------------------------------+----+----+-----+-----------+
    |ap_CS_fsm                                  |   1|   0|    1|          0|
    |ap_block_pp0_stage0_subdone_grp1_done_reg  |   1|   0|    1|          0|
    |ap_block_pp0_stage0_subdone_grp2_done_reg  |   1|   0|    1|          0|
    |ap_block_pp0_stage0_subdone_grp3_done_reg  |   1|   0|    1|          0|
    |ap_block_pp0_stage0_subdone_grp5_done_reg  |   1|   0|    1|          0|
    |ap_done_reg                                |   1|   0|    1|          0|
    |ap_enable_reg_pp0_iter1                    |   1|   0|    1|          0|
    |ap_enable_reg_pp0_iter10                   |   1|   0|    1|          0|
    |ap_enable_reg_pp0_iter11                   |   1|   0|    1|          0|
    |ap_enable_reg_pp0_iter12                   |   1|   0|    1|          0|
    |ap_enable_reg_pp0_iter13                   |   1|   0|    1|          0|
    |ap_enable_reg_pp0_iter14                   |   1|   0|    1|          0|
    |ap_enable_reg_pp0_iter15                   |   1|   0|    1|          0|
    |ap_enable_reg_pp0_iter16                   |   1|   0|    1|          0|
    |ap_enable_reg_pp0_iter2                    |   1|   0|    1|          0|
    |ap_enable_reg_pp0_iter3                    |   1|   0|    1|          0|
    |ap_enable_reg_pp0_iter4                    |   1|   0|    1|          0|
    |ap_enable_reg_pp0_iter5                    |   1|   0|    1|          0|
    |ap_enable_reg_pp0_iter6                    |   1|   0|    1|          0|
    |ap_enable_reg_pp0_iter7                    |   1|   0|    1|          0|
    |ap_enable_reg_pp0_iter8                    |   1|   0|    1|          0|
    |ap_enable_reg_pp0_iter9                    |   1|   0|    1|          0|
    |ap_loop_exit_ready_pp0_iter10_reg          |   1|   0|    1|          0|
    |ap_loop_exit_ready_pp0_iter11_reg          |   1|   0|    1|          0|
    |ap_loop_exit_ready_pp0_iter12_reg          |   1|   0|    1|          0|
    |ap_loop_exit_ready_pp0_iter13_reg          |   1|   0|    1|          0|
    |ap_loop_exit_ready_pp0_iter14_reg          |   1|   0|    1|          0|
    |ap_loop_exit_ready_pp0_iter15_reg          |   1|   0|    1|          0|
    |ap_loop_exit_ready_pp0_iter2_reg           |   1|   0|    1|          0|
    |ap_loop_exit_ready_pp0_iter3_reg           |   1|   0|    1|          0|
    |ap_loop_exit_ready_pp0_iter4_reg           |   1|   0|    1|          0|
    |ap_loop_exit_ready_pp0_iter5_reg           |   1|   0|    1|          0|
    |ap_loop_exit_ready_pp0_iter6_reg           |   1|   0|    1|          0|
    |ap_loop_exit_ready_pp0_iter7_reg           |   1|   0|    1|          0|
    |ap_loop_exit_ready_pp0_iter8_reg           |   1|   0|    1|          0|
    |ap_loop_exit_ready_pp0_iter9_reg           |   1|   0|    1|          0|
    |g0_addr_24_reg_478                         |  64|   0|   64|          0|
    |g0_addr_reg_472                            |  64|   0|   64|          0|
    |indvar_flatten12_fu_108                    |  17|   0|   17|          0|
    |indvar_flatten_fu_100                      |  10|   0|   10|          0|
    |v527_fu_104                                |   9|   0|    9|          0|
    |v528_fu_96                                 |   5|   0|    5|          0|
    |v529_fu_92                                 |   5|   0|    5|          0|
    |v530_reg_485                               |  32|   0|   32|          0|
    |g0_addr_24_reg_478                         |  64|  32|   64|          0|
    +-------------------------------------------+----+----+-----+-----------+
    |Total                                      | 306|  32|  306|          0|
    +-------------------------------------------+----+----+-----+-----------+



================================================================
== Interface
================================================================
* Summary: 
+---------------------+-----+-----+------------+--------------+--------------+
|      RTL Ports      | Dir | Bits|  Protocol  | Source Object|    C Type    |
+---------------------+-----+-----+------------+--------------+--------------+
|ap_clk               |   in|    1|  ap_ctrl_hs|     kernel531|  return value|
|ap_rst               |   in|    1|  ap_ctrl_hs|     kernel531|  return value|
|ap_start             |   in|    1|  ap_ctrl_hs|     kernel531|  return value|
|ap_done              |  out|    1|  ap_ctrl_hs|     kernel531|  return value|
|ap_idle              |  out|    1|  ap_ctrl_hs|     kernel531|  return value|
|ap_ready             |  out|    1|  ap_ctrl_hs|     kernel531|  return value|
|m_axi_g0_0_AWVALID   |  out|    1|       m_axi|            g0|       pointer|
|m_axi_g0_0_AWREADY   |   in|    1|       m_axi|            g0|       pointer|
|m_axi_g0_0_AWADDR    |  out|   64|       m_axi|            g0|       pointer|
|m_axi_g0_0_AWID      |  out|    1|       m_axi|            g0|       pointer|
|m_axi_g0_0_AWLEN     |  out|   32|       m_axi|            g0|       pointer|
|m_axi_g0_0_AWSIZE    |  out|    3|       m_axi|            g0|       pointer|
|m_axi_g0_0_AWBURST   |  out|    2|       m_axi|            g0|       pointer|
|m_axi_g0_0_AWLOCK    |  out|    2|       m_axi|            g0|       pointer|
|m_axi_g0_0_AWCACHE   |  out|    4|       m_axi|            g0|       pointer|
|m_axi_g0_0_AWPROT    |  out|    3|       m_axi|            g0|       pointer|
|m_axi_g0_0_AWQOS     |  out|    4|       m_axi|            g0|       pointer|
|m_axi_g0_0_AWREGION  |  out|    4|       m_axi|            g0|       pointer|
|m_axi_g0_0_AWUSER    |  out|    1|       m_axi|            g0|       pointer|
|m_axi_g0_0_WVALID    |  out|    1|       m_axi|            g0|       pointer|
|m_axi_g0_0_WREADY    |   in|    1|       m_axi|            g0|       pointer|
|m_axi_g0_0_WDATA     |  out|   32|       m_axi|            g0|       pointer|
|m_axi_g0_0_WSTRB     |  out|    4|       m_axi|            g0|       pointer|
|m_axi_g0_0_WLAST     |  out|    1|       m_axi|            g0|       pointer|
|m_axi_g0_0_WID       |  out|    1|       m_axi|            g0|       pointer|
|m_axi_g0_0_WUSER     |  out|    1|       m_axi|            g0|       pointer|
|m_axi_g0_0_ARVALID   |  out|    1|       m_axi|            g0|       pointer|
|m_axi_g0_0_ARREADY   |   in|    1|       m_axi|            g0|       pointer|
|m_axi_g0_0_ARADDR    |  out|   64|       m_axi|            g0|       pointer|
|m_axi_g0_0_ARID      |  out|    1|       m_axi|            g0|       pointer|
|m_axi_g0_0_ARLEN     |  out|   32|       m_axi|            g0|       pointer|
|m_axi_g0_0_ARSIZE    |  out|    3|       m_axi|            g0|       pointer|
|m_axi_g0_0_ARBURST   |  out|    2|       m_axi|            g0|       pointer|
|m_axi_g0_0_ARLOCK    |  out|    2|       m_axi|            g0|       pointer|
|m_axi_g0_0_ARCACHE   |  out|    4|       m_axi|            g0|       pointer|
|m_axi_g0_0_ARPROT    |  out|    3|       m_axi|            g0|       pointer|
|m_axi_g0_0_ARQOS     |  out|    4|       m_axi|            g0|       pointer|
|m_axi_g0_0_ARREGION  |  out|    4|       m_axi|            g0|       pointer|
|m_axi_g0_0_ARUSER    |  out|    1|       m_axi|            g0|       pointer|
|m_axi_g0_0_RVALID    |   in|    1|       m_axi|            g0|       pointer|
|m_axi_g0_0_RREADY    |  out|    1|       m_axi|            g0|       pointer|
|m_axi_g0_0_RDATA     |   in|   32|       m_axi|            g0|       pointer|
|m_axi_g0_0_RLAST     |   in|    1|       m_axi|            g0|       pointer|
|m_axi_g0_0_RID       |   in|    1|       m_axi|            g0|       pointer|
|m_axi_g0_0_RFIFONUM  |   in|    9|       m_axi|            g0|       pointer|
|m_axi_g0_0_RUSER     |   in|    1|       m_axi|            g0|       pointer|
|m_axi_g0_0_RRESP     |   in|    2|       m_axi|            g0|       pointer|
|m_axi_g0_0_BVALID    |   in|    1|       m_axi|            g0|       pointer|
|m_axi_g0_0_BREADY    |  out|    1|       m_axi|            g0|       pointer|
|m_axi_g0_0_BRESP     |   in|    2|       m_axi|            g0|       pointer|
|m_axi_g0_0_BID       |   in|    1|       m_axi|            g0|       pointer|
|m_axi_g0_0_BUSER     |   in|    1|       m_axi|            g0|       pointer|
|v525                 |   in|   64|     ap_none|          v525|        scalar|
|v526                 |   in|   64|     ap_none|          v526|        scalar|
+---------------------+-----+-----+------------+--------------+--------------+

============================================================
+ Verbose Summary: Synthesis Manager
============================================================
InlineROM: 1
ExposeGlobal: 0
============================================================
+ Verbose Summary: CDFG Model
============================================================
IsTopModel: 0
ResetActiveHigh: 1
IsCombinational: 2
IsDatapathOnly: 2
HasWiredReturn: 1
HasMFsm: 2
HasVarLatency: 1
IsPipeline: 0
IsRtlPipelined: 0
IsInstanceOverlapped: 0
IsDontTouch: 0
HasImplIP: 0
IsGatedGlobalClock: 0

+ Individual pipeline summary: 
  * Pipeline-0: initiation interval (II) = 1, depth = 17


============================================================
+ Verbose Summary: Schedule
============================================================
* Number of FSM states : 17
* Pipeline : 1
  Pipeline-0 : II = 1, D = 17, States = { 1 2 3 4 5 6 7 8 9 10 11 12 13 14 15 16 17 }
* Dataflow Pipeline: 0

* FSM state transitions: 
1 --> 2 
2 --> 3 
3 --> 4 
4 --> 5 
5 --> 6 
6 --> 7 
7 --> 8 
8 --> 9 
9 --> 10 
10 --> 11 
11 --> 12 
12 --> 13 
13 --> 14 
14 --> 15 
15 --> 16 
16 --> 17 
17 --> 

* FSM state operations: 

State 1 <SV = 0> <Delay = 0.42>
ST_1 : Operation 19 [1/1] (0.00ns)   --->   "%v529 = alloca i32 1" [spikingformer_official.cpp:1299]   --->   Operation 19 'alloca' 'v529' <Predicate = true> <Delay = 0.00>
ST_1 : Operation 20 [1/1] (0.00ns)   --->   "%v528 = alloca i32 1" [spikingformer_official.cpp:1298]   --->   Operation 20 'alloca' 'v528' <Predicate = true> <Delay = 0.00>
ST_1 : Operation 21 [1/1] (0.00ns)   --->   "%indvar_flatten = alloca i32 1"   --->   Operation 21 'alloca' 'indvar_flatten' <Predicate = true> <Delay = 0.00>
ST_1 : Operation 22 [1/1] (0.00ns)   --->   "%v527 = alloca i32 1" [spikingformer_official.cpp:1297]   --->   Operation 22 'alloca' 'v527' <Predicate = true> <Delay = 0.00>
ST_1 : Operation 23 [1/1] (0.00ns)   --->   "%indvar_flatten12 = alloca i32 1"   --->   Operation 23 'alloca' 'indvar_flatten12' <Predicate = true> <Delay = 0.00>
ST_1 : Operation 24 [1/1] (0.00ns)   --->   "%specstablecontent_ln0 = specstablecontent void @_ssdm_op_SpecStableContent, i32 %g0, i1 1, void "   --->   Operation 24 'specstablecontent' 'specstablecontent_ln0' <Predicate = true> <Delay = 0.00>
ST_1 : Operation 25 [1/1] (0.00ns)   --->   "%specinterface_ln0 = specinterface void @_ssdm_op_SpecInterface, i32 %g0, void @empty_26, i32 0, i32 0, void @empty_35, i32 0, i32 0, void @empty_22, void @empty_25, void @empty_35, i32 16, i32 16, i32 16, i32 16, void @empty_35, void @empty_35, i32 4294967295, i32 0, i32 0, i32 4"   --->   Operation 25 'specinterface' 'specinterface_ln0' <Predicate = true> <Delay = 0.00>
ST_1 : Operation 26 [1/1] (0.00ns)   --->   "%v526_read = read i64 @_ssdm_op_Read.ap_auto.i64, i64 %v526" [spikingformer_official.cpp:1294]   --->   Operation 26 'read' 'v526_read' <Predicate = true> <Delay = 0.00>
ST_1 : Operation 27 [1/1] (0.00ns)   --->   "%v525_read = read i64 @_ssdm_op_Read.ap_auto.i64, i64 %v525" [spikingformer_official.cpp:1294]   --->   Operation 27 'read' 'v525_read' <Predicate = true> <Delay = 0.00>
ST_1 : Operation 28 [1/1] (0.42ns)   --->   "%store_ln0 = store i17 0, i17 %indvar_flatten12"   --->   Operation 28 'store' 'store_ln0' <Predicate = true> <Delay = 0.42>
ST_1 : Operation 29 [1/1] (0.42ns)   --->   "%store_ln1297 = store i9 0, i9 %v527" [spikingformer_official.cpp:1297]   --->   Operation 29 'store' 'store_ln1297' <Predicate = true> <Delay = 0.42>
ST_1 : Operation 30 [1/1] (0.42ns)   --->   "%store_ln0 = store i10 0, i10 %indvar_flatten"   --->   Operation 30 'store' 'store_ln0' <Predicate = true> <Delay = 0.42>
ST_1 : Operation 31 [1/1] (0.42ns)   --->   "%store_ln1298 = store i5 0, i5 %v528" [spikingformer_official.cpp:1298]   --->   Operation 31 'store' 'store_ln1298' <Predicate = true> <Delay = 0.42>
ST_1 : Operation 32 [1/1] (0.42ns)   --->   "%store_ln1299 = store i5 0, i5 %v529" [spikingformer_official.cpp:1299]   --->   Operation 32 'store' 'store_ln1299' <Predicate = true> <Delay = 0.42>
ST_1 : Operation 33 [1/1] (0.00ns)   --->   "%br_ln1297 = br void %for.inc" [spikingformer_official.cpp:1297]   --->   Operation 33 'br' 'br_ln1297' <Predicate = true> <Delay = 0.00>

State 2 <SV = 1> <Delay = 3.22>
ST_2 : Operation 34 [1/1] (0.00ns)   --->   "%indvar_flatten12_load = load i17 %indvar_flatten12" [spikingformer_official.cpp:1297]   --->   Operation 34 'load' 'indvar_flatten12_load' <Predicate = true> <Delay = 0.00>
ST_2 : Operation 35 [1/1] (0.86ns)   --->   "%icmp_ln1297 = icmp_eq  i17 %indvar_flatten12_load, i17 98304" [spikingformer_official.cpp:1297]   --->   Operation 35 'icmp' 'icmp_ln1297' <Predicate = true> <Delay = 0.86> <CoreInst = "Cmp">   --->   Core 9 'Cmp' <Latency = 0> <II = 1> <Delay = 0.86> <FuncUnit> <Opcode : 'seteq' 'setne' 'setle' 'setge' 'setlt' 'setgt'> <InPorts = 2> <OutPorts = 1>
ST_2 : Operation 36 [1/1] (0.86ns)   --->   "%add_ln1297_1 = add i17 %indvar_flatten12_load, i17 1" [spikingformer_official.cpp:1297]   --->   Operation 36 'add' 'add_ln1297_1' <Predicate = true> <Delay = 0.86> <CoreInst = "Adder">   --->   Core 1 'Adder' <Latency = 0> <II = 1> <Delay = 0.86> <FuncUnit> <Opcode : 'add' 'sub'> <InPorts = 2> <OutPorts = 1>
ST_2 : Operation 37 [1/1] (0.00ns)   --->   "%br_ln1297 = br i1 %icmp_ln1297, void %for.inc24, void %for.end26" [spikingformer_official.cpp:1297]   --->   Operation 37 'br' 'br_ln1297' <Predicate = true> <Delay = 0.00>
ST_2 : Operation 38 [1/1] (0.00ns)   --->   "%v529_load = load i5 %v529" [spikingformer_official.cpp:1299]   --->   Operation 38 'load' 'v529_load' <Predicate = (!icmp_ln1297)> <Delay = 0.00>
ST_2 : Operation 39 [1/1] (0.00ns)   --->   "%v528_load = load i5 %v528" [spikingformer_official.cpp:1297]   --->   Operation 39 'load' 'v528_load' <Predicate = (!icmp_ln1297)> <Delay = 0.00>
ST_2 : Operation 40 [1/1] (0.00ns)   --->   "%indvar_flatten_load = load i10 %indvar_flatten" [spikingformer_official.cpp:1298]   --->   Operation 40 'load' 'indvar_flatten_load' <Predicate = (!icmp_ln1297)> <Delay = 0.00>
ST_2 : Operation 41 [1/1] (0.00ns)   --->   "%v527_load = load i9 %v527" [spikingformer_official.cpp:1297]   --->   Operation 41 'load' 'v527_load' <Predicate = (!icmp_ln1297)> <Delay = 0.00>
ST_2 : Operation 42 [1/1] (0.77ns)   --->   "%add_ln1297 = add i9 %v527_load, i9 1" [spikingformer_official.cpp:1297]   --->   Operation 42 'add' 'add_ln1297' <Predicate = (!icmp_ln1297)> <Delay = 0.77> <CoreInst = "Adder">   --->   Core 1 'Adder' <Latency = 0> <II = 1> <Delay = 0.77> <FuncUnit> <Opcode : 'add' 'sub'> <InPorts = 2> <OutPorts = 1>
ST_2 : Operation 43 [1/1] (0.78ns)   --->   "%icmp_ln1298 = icmp_eq  i10 %indvar_flatten_load, i10 256" [spikingformer_official.cpp:1298]   --->   Operation 43 'icmp' 'icmp_ln1298' <Predicate = (!icmp_ln1297)> <Delay = 0.78> <CoreInst = "Cmp">   --->   Core 9 'Cmp' <Latency = 0> <II = 1> <Delay = 0.78> <FuncUnit> <Opcode : 'seteq' 'setne' 'setle' 'setge' 'setlt' 'setgt'> <InPorts = 2> <OutPorts = 1>
ST_2 : Operation 44 [1/1] (0.41ns)   --->   "%select_ln1297 = select i1 %icmp_ln1298, i5 0, i5 %v528_load" [spikingformer_official.cpp:1297]   --->   Operation 44 'select' 'select_ln1297' <Predicate = (!icmp_ln1297)> <Delay = 0.41> <CoreInst = "Sel">   --->   Core 73 'Sel' <Latency = 0> <II = 1> <Delay = 0.41> <FuncUnit> <Opcode : 'select'> <InPorts = 3> <OutPorts = 1>
ST_2 : Operation 45 [1/1] (0.00ns) (grouped into LUT with out node and_ln1297)   --->   "%xor_ln1297 = xor i1 %icmp_ln1298, i1 1" [spikingformer_official.cpp:1297]   --->   Operation 45 'xor' 'xor_ln1297' <Predicate = (!icmp_ln1297)> <Delay = 0.00> <CoreInst = "LogicGate">   --->   Core 74 'LogicGate' <Latency = 0> <II = 1> <Delay = 0.28> <FuncUnit> <Opcode : 'and' 'or' 'xor'> <InPorts = 2> <OutPorts = 1>
ST_2 : Operation 46 [1/1] (0.78ns)   --->   "%icmp_ln1299 = icmp_eq  i5 %v529_load, i5 16" [spikingformer_official.cpp:1299]   --->   Operation 46 'icmp' 'icmp_ln1299' <Predicate = (!icmp_ln1297)> <Delay = 0.78> <CoreInst = "Cmp">   --->   Core 9 'Cmp' <Latency = 0> <II = 1> <Delay = 0.78> <FuncUnit> <Opcode : 'seteq' 'setne' 'setle' 'setge' 'setlt' 'setgt'> <InPorts = 2> <OutPorts = 1>
ST_2 : Operation 47 [1/1] (0.28ns) (out node of the LUT)   --->   "%and_ln1297 = and i1 %icmp_ln1299, i1 %xor_ln1297" [spikingformer_official.cpp:1297]   --->   Operation 47 'and' 'and_ln1297' <Predicate = (!icmp_ln1297)> <Delay = 0.28> <CoreInst = "LogicGate">   --->   Core 74 'LogicGate' <Latency = 0> <II = 1> <Delay = 0.28> <FuncUnit> <Opcode : 'and' 'or' 'xor'> <InPorts = 2> <OutPorts = 1>
ST_2 : Operation 48 [1/1] (0.39ns)   --->   "%select_ln1297_1 = select i1 %icmp_ln1298, i9 %add_ln1297, i9 %v527_load" [spikingformer_official.cpp:1297]   --->   Operation 48 'select' 'select_ln1297_1' <Predicate = (!icmp_ln1297)> <Delay = 0.39> <CoreInst = "Sel">   --->   Core 73 'Sel' <Latency = 0> <II = 1> <Delay = 0.39> <FuncUnit> <Opcode : 'select'> <InPorts = 3> <OutPorts = 1>
ST_2 : Operation 49 [1/1] (0.78ns)   --->   "%add_ln1298 = add i5 %select_ln1297, i5 1" [spikingformer_official.cpp:1298]   --->   Operation 49 'add' 'add_ln1298' <Predicate = (!icmp_ln1297)> <Delay = 0.78> <CoreInst = "Adder">   --->   Core 1 'Adder' <Latency = 0> <II = 1> <Delay = 0.78> <FuncUnit> <Opcode : 'add' 'sub'> <InPorts = 2> <OutPorts = 1>
ST_2 : Operation 50 [1/1] (0.00ns) (grouped into LUT with out node v529_mid2)   --->   "%empty = or i1 %and_ln1297, i1 %icmp_ln1298" [spikingformer_official.cpp:1297]   --->   Operation 50 'or' 'empty' <Predicate = (!icmp_ln1297)> <Delay = 0.00> <CoreInst = "LogicGate">   --->   Core 74 'LogicGate' <Latency = 0> <II = 1> <Delay = 0.28> <FuncUnit> <Opcode : 'and' 'or' 'xor'> <InPorts = 2> <OutPorts = 1>
ST_2 : Operation 51 [1/1] (0.41ns) (out node of the LUT)   --->   "%v529_mid2 = select i1 %empty, i5 0, i5 %v529_load" [spikingformer_official.cpp:1297]   --->   Operation 51 'select' 'v529_mid2' <Predicate = (!icmp_ln1297)> <Delay = 0.41> <CoreInst = "Sel">   --->   Core 73 'Sel' <Latency = 0> <II = 1> <Delay = 0.41> <FuncUnit> <Opcode : 'select'> <InPorts = 3> <OutPorts = 1>
ST_2 : Operation 52 [1/1] (0.41ns)   --->   "%select_ln1298 = select i1 %and_ln1297, i5 %add_ln1298, i5 %select_ln1297" [spikingformer_official.cpp:1298]   --->   Operation 52 'select' 'select_ln1298' <Predicate = (!icmp_ln1297)> <Delay = 0.41> <CoreInst = "Sel">   --->   Core 73 'Sel' <Latency = 0> <II = 1> <Delay = 0.41> <FuncUnit> <Opcode : 'select'> <InPorts = 3> <OutPorts = 1>
ST_2 : Operation 53 [1/1] (0.00ns)   --->   "%shl_ln = bitconcatenate i19 @_ssdm_op_BitConcatenate.i19.i9.i10, i9 %select_ln1297_1, i10 0" [spikingformer_official.cpp:1303]   --->   Operation 53 'bitconcatenate' 'shl_ln' <Predicate = (!icmp_ln1297)> <Delay = 0.00>
ST_2 : Operation 54 [1/1] (0.00ns)   --->   "%zext_ln1298 = zext i19 %shl_ln" [spikingformer_official.cpp:1298]   --->   Operation 54 'zext' 'zext_ln1298' <Predicate = (!icmp_ln1297)> <Delay = 0.00>
ST_2 : Operation 55 [1/1] (0.00ns)   --->   "%trunc_ln1303 = trunc i5 %v529_mid2" [spikingformer_official.cpp:1303]   --->   Operation 55 'trunc' 'trunc_ln1303' <Predicate = (!icmp_ln1297)> <Delay = 0.00>
ST_2 : Operation 56 [1/1] (0.00ns) (grouped into TernaryAdder)   --->   "%add_ln1303 = add i64 %zext_ln1298, i64 %v525_read" [spikingformer_official.cpp:1303]   --->   Operation 56 'add' 'add_ln1303' <Predicate = (!icmp_ln1297)> <Delay = 0.00> <CoreInst = "TAddSub">   --->   Core 10 'TAddSub' <Latency = 0> <II = 1> <Delay = 0.40> <IPBlock> <Opcode : 'add' 'sub'> <InPorts = 3> <OutPorts = 1> <Sync> <CReg>
ST_2 : Operation 57 [1/1] (0.00ns)   --->   "%trunc_ln1303_1 = trunc i5 %select_ln1298" [spikingformer_official.cpp:1303]   --->   Operation 57 'trunc' 'trunc_ln1303_1' <Predicate = (!icmp_ln1297)> <Delay = 0.00>
ST_2 : Operation 58 [1/1] (0.00ns)   --->   "%tmp1 = bitconcatenate i10 @_ssdm_op_BitConcatenate.i10.i4.i4.i2, i4 %trunc_ln1303_1, i4 %trunc_ln1303, i2 0" [spikingformer_official.cpp:1303]   --->   Operation 58 'bitconcatenate' 'tmp1' <Predicate = (!icmp_ln1297)> <Delay = 0.00>
ST_2 : Operation 59 [1/1] (0.00ns)   --->   "%zext_ln1303 = zext i10 %tmp1" [spikingformer_official.cpp:1303]   --->   Operation 59 'zext' 'zext_ln1303' <Predicate = (!icmp_ln1297)> <Delay = 0.00>
ST_2 : Operation 60 [1/1] (0.81ns) (root node of TernaryAdder)   --->   "%add_ln1303_1 = add i64 %zext_ln1303, i64 %add_ln1303" [spikingformer_official.cpp:1303]   --->   Operation 60 'add' 'add_ln1303_1' <Predicate = (!icmp_ln1297)> <Delay = 0.81> <CoreInst = "TAddSub">   --->   Core 10 'TAddSub' <Latency = 0> <II = 1> <Delay = 0.40> <IPBlock> <Opcode : 'add' 'sub'> <InPorts = 3> <OutPorts = 1> <Sync> <CReg>
ST_2 : Operation 61 [1/1] (0.00ns)   --->   "%trunc_ln = partselect i62 @_ssdm_op_PartSelect.i62.i64.i32.i32, i64 %add_ln1303_1, i32 2, i32 63" [spikingformer_official.cpp:1303]   --->   Operation 61 'partselect' 'trunc_ln' <Predicate = (!icmp_ln1297)> <Delay = 0.00>
ST_2 : Operation 62 [1/1] (0.00ns)   --->   "%sext_ln1303 = sext i62 %trunc_ln" [spikingformer_official.cpp:1303]   --->   Operation 62 'sext' 'sext_ln1303' <Predicate = (!icmp_ln1297)> <Delay = 0.00>
ST_2 : Operation 63 [1/1] (0.00ns)   --->   "%g0_addr = getelementptr i32 %g0, i64 %sext_ln1303" [spikingformer_official.cpp:1303]   --->   Operation 63 'getelementptr' 'g0_addr' <Predicate = (!icmp_ln1297)> <Delay = 0.00>
ST_2 : Operation 64 [1/1] (0.00ns) (grouped into TernaryAdder)   --->   "%add_ln1304 = add i64 %zext_ln1298, i64 %v526_read" [spikingformer_official.cpp:1304]   --->   Operation 64 'add' 'add_ln1304' <Predicate = (!icmp_ln1297)> <Delay = 0.00> <CoreInst = "TAddSub">   --->   Core 10 'TAddSub' <Latency = 0> <II = 1> <Delay = 0.40> <IPBlock> <Opcode : 'add' 'sub'> <InPorts = 3> <OutPorts = 1> <Sync> <CReg>
ST_2 : Operation 65 [1/1] (0.81ns) (root node of TernaryAdder)   --->   "%add_ln1304_1 = add i64 %zext_ln1303, i64 %add_ln1304" [spikingformer_official.cpp:1304]   --->   Operation 65 'add' 'add_ln1304_1' <Predicate = (!icmp_ln1297)> <Delay = 0.81> <CoreInst = "TAddSub">   --->   Core 10 'TAddSub' <Latency = 0> <II = 1> <Delay = 0.40> <IPBlock> <Opcode : 'add' 'sub'> <InPorts = 3> <OutPorts = 1> <Sync> <CReg>
ST_2 : Operation 66 [1/1] (0.00ns)   --->   "%trunc_ln19 = partselect i62 @_ssdm_op_PartSelect.i62.i64.i32.i32, i64 %add_ln1304_1, i32 2, i32 63" [spikingformer_official.cpp:1304]   --->   Operation 66 'partselect' 'trunc_ln19' <Predicate = (!icmp_ln1297)> <Delay = 0.00>
ST_2 : Operation 67 [1/1] (0.00ns)   --->   "%sext_ln1304 = sext i62 %trunc_ln19" [spikingformer_official.cpp:1304]   --->   Operation 67 'sext' 'sext_ln1304' <Predicate = (!icmp_ln1297)> <Delay = 0.00>
ST_2 : Operation 68 [1/1] (0.00ns)   --->   "%g0_addr_24 = getelementptr i32 %g0, i64 %sext_ln1304" [spikingformer_official.cpp:1304]   --->   Operation 68 'getelementptr' 'g0_addr_24' <Predicate = (!icmp_ln1297)> <Delay = 0.00>
ST_2 : Operation 69 [1/1] (0.78ns)   --->   "%add_ln1299 = add i5 %v529_mid2, i5 1" [spikingformer_official.cpp:1299]   --->   Operation 69 'add' 'add_ln1299' <Predicate = (!icmp_ln1297)> <Delay = 0.78> <CoreInst = "Adder">   --->   Core 1 'Adder' <Latency = 0> <II = 1> <Delay = 0.78> <FuncUnit> <Opcode : 'add' 'sub'> <InPorts = 2> <OutPorts = 1>
ST_2 : Operation 70 [1/1] (0.78ns)   --->   "%add_ln1298_1 = add i10 %indvar_flatten_load, i10 1" [spikingformer_official.cpp:1298]   --->   Operation 70 'add' 'add_ln1298_1' <Predicate = (!icmp_ln1297)> <Delay = 0.78> <CoreInst = "Adder">   --->   Core 1 'Adder' <Latency = 0> <II = 1> <Delay = 0.78> <FuncUnit> <Opcode : 'add' 'sub'> <InPorts = 2> <OutPorts = 1>
ST_2 : Operation 71 [1/1] (0.40ns)   --->   "%select_ln1298_1 = select i1 %icmp_ln1298, i10 1, i10 %add_ln1298_1" [spikingformer_official.cpp:1298]   --->   Operation 71 'select' 'select_ln1298_1' <Predicate = (!icmp_ln1297)> <Delay = 0.40> <CoreInst = "Sel">   --->   Core 73 'Sel' <Latency = 0> <II = 1> <Delay = 0.40> <FuncUnit> <Opcode : 'select'> <InPorts = 3> <OutPorts = 1>
ST_2 : Operation 72 [1/1] (0.42ns)   --->   "%store_ln1297 = store i17 %add_ln1297_1, i17 %indvar_flatten12" [spikingformer_official.cpp:1297]   --->   Operation 72 'store' 'store_ln1297' <Predicate = (!icmp_ln1297)> <Delay = 0.42>
ST_2 : Operation 73 [1/1] (0.42ns)   --->   "%store_ln1297 = store i9 %select_ln1297_1, i9 %v527" [spikingformer_official.cpp:1297]   --->   Operation 73 'store' 'store_ln1297' <Predicate = (!icmp_ln1297)> <Delay = 0.42>
ST_2 : Operation 74 [1/1] (0.42ns)   --->   "%store_ln1298 = store i10 %select_ln1298_1, i10 %indvar_flatten" [spikingformer_official.cpp:1298]   --->   Operation 74 'store' 'store_ln1298' <Predicate = (!icmp_ln1297)> <Delay = 0.42>
ST_2 : Operation 75 [1/1] (0.42ns)   --->   "%store_ln1298 = store i5 %select_ln1298, i5 %v528" [spikingformer_official.cpp:1298]   --->   Operation 75 'store' 'store_ln1298' <Predicate = (!icmp_ln1297)> <Delay = 0.42>
ST_2 : Operation 76 [1/1] (0.42ns)   --->   "%store_ln1299 = store i5 %add_ln1299, i5 %v529" [spikingformer_official.cpp:1299]   --->   Operation 76 'store' 'store_ln1299' <Predicate = (!icmp_ln1297)> <Delay = 0.42>

State 3 <SV = 2> <Delay = 0.00>
ST_3 : Operation 77 [8/8] (7.30ns)   --->   "%v530_req = readreq i1 @_ssdm_op_ReadReq.m_axi.i32P1A, i64 %g0_addr, i64 1" [spikingformer_official.cpp:1303]   --->   Operation 77 'readreq' 'v530_req' <Predicate = true> <Delay = 7.30> <CoreInst = "m_axi">   --->   Core 119 'm_axi' <Latency = 6> <II = 1> <Delay = 1.00> <Adapter> <Opcode : 'readrequnaligned' 'writerequnaligned' 'read' 'write' 'readreq' 'writereq' 'writeresp'>

State 4 <SV = 3> <Delay = 0.00>
ST_4 : Operation 78 [7/8] (7.30ns)   --->   "%v530_req = readreq i1 @_ssdm_op_ReadReq.m_axi.i32P1A, i64 %g0_addr, i64 1" [spikingformer_official.cpp:1303]   --->   Operation 78 'readreq' 'v530_req' <Predicate = true> <Delay = 7.30> <CoreInst = "m_axi">   --->   Core 119 'm_axi' <Latency = 6> <II = 1> <Delay = 1.00> <Adapter> <Opcode : 'readrequnaligned' 'writerequnaligned' 'read' 'write' 'readreq' 'writereq' 'writeresp'>

State 5 <SV = 4> <Delay = 0.00>
ST_5 : Operation 79 [6/8] (7.30ns)   --->   "%v530_req = readreq i1 @_ssdm_op_ReadReq.m_axi.i32P1A, i64 %g0_addr, i64 1" [spikingformer_official.cpp:1303]   --->   Operation 79 'readreq' 'v530_req' <Predicate = true> <Delay = 7.30> <CoreInst = "m_axi">   --->   Core 119 'm_axi' <Latency = 6> <II = 1> <Delay = 1.00> <Adapter> <Opcode : 'readrequnaligned' 'writerequnaligned' 'read' 'write' 'readreq' 'writereq' 'writeresp'>

State 6 <SV = 5> <Delay = 0.00>
ST_6 : Operation 80 [5/8] (7.30ns)   --->   "%v530_req = readreq i1 @_ssdm_op_ReadReq.m_axi.i32P1A, i64 %g0_addr, i64 1" [spikingformer_official.cpp:1303]   --->   Operation 80 'readreq' 'v530_req' <Predicate = true> <Delay = 7.30> <CoreInst = "m_axi">   --->   Core 119 'm_axi' <Latency = 6> <II = 1> <Delay = 1.00> <Adapter> <Opcode : 'readrequnaligned' 'writerequnaligned' 'read' 'write' 'readreq' 'writereq' 'writeresp'>

State 7 <SV = 6> <Delay = 0.00>
ST_7 : Operation 81 [4/8] (7.30ns)   --->   "%v530_req = readreq i1 @_ssdm_op_ReadReq.m_axi.i32P1A, i64 %g0_addr, i64 1" [spikingformer_official.cpp:1303]   --->   Operation 81 'readreq' 'v530_req' <Predicate = true> <Delay = 7.30> <CoreInst = "m_axi">   --->   Core 119 'm_axi' <Latency = 6> <II = 1> <Delay = 1.00> <Adapter> <Opcode : 'readrequnaligned' 'writerequnaligned' 'read' 'write' 'readreq' 'writereq' 'writeresp'>

State 8 <SV = 7> <Delay = 0.00>
ST_8 : Operation 82 [3/8] (7.30ns)   --->   "%v530_req = readreq i1 @_ssdm_op_ReadReq.m_axi.i32P1A, i64 %g0_addr, i64 1" [spikingformer_official.cpp:1303]   --->   Operation 82 'readreq' 'v530_req' <Predicate = true> <Delay = 7.30> <CoreInst = "m_axi">   --->   Core 119 'm_axi' <Latency = 6> <II = 1> <Delay = 1.00> <Adapter> <Opcode : 'readrequnaligned' 'writerequnaligned' 'read' 'write' 'readreq' 'writereq' 'writeresp'>

State 9 <SV = 8> <Delay = 0.00>
ST_9 : Operation 83 [2/8] (7.30ns)   --->   "%v530_req = readreq i1 @_ssdm_op_ReadReq.m_axi.i32P1A, i64 %g0_addr, i64 1" [spikingformer_official.cpp:1303]   --->   Operation 83 'readreq' 'v530_req' <Predicate = true> <Delay = 7.30> <CoreInst = "m_axi">   --->   Core 119 'm_axi' <Latency = 6> <II = 1> <Delay = 1.00> <Adapter> <Opcode : 'readrequnaligned' 'writerequnaligned' 'read' 'write' 'readreq' 'writereq' 'writeresp'>

State 10 <SV = 9> <Delay = 7.30>
ST_10 : Operation 84 [1/8] ( I:7.30ns O:7.30ns )   --->   "%v530_req = readreq i1 @_ssdm_op_ReadReq.m_axi.i32P1A, i64 %g0_addr, i64 1" [spikingformer_official.cpp:1303]   --->   Operation 84 'readreq' 'v530_req' <Predicate = true> <Delay = 7.30> <CoreInst = "m_axi">   --->   Core 119 'm_axi' <Latency = 6> <II = 1> <Delay = 1.00> <Adapter> <Opcode : 'readrequnaligned' 'writerequnaligned' 'read' 'write' 'readreq' 'writereq' 'writeresp'>

State 11 <SV = 10> <Delay = 7.30>
ST_11 : Operation 85 [1/1] ( I:7.30ns O:7.30ns )   --->   "%v530 = read i32 @_ssdm_op_Read.m_axi.i32P1A, i64 %g0_addr" [spikingformer_official.cpp:1303]   --->   Operation 85 'read' 'v530' <Predicate = true> <Delay = 7.30> <CoreInst = "m_axi">   --->   Core 119 'm_axi' <Latency = 3> <II = 1> <Delay = 1.00> <Adapter> <Opcode : 'readrequnaligned' 'writerequnaligned' 'read' 'write' 'readreq' 'writereq' 'writeresp'>
ST_11 : Operation 86 [1/1] ( I:7.30ns O:7.30ns )   --->   "%g0_addr_65_req = writereq i1 @_ssdm_op_WriteReq.m_axi.i32P1A, i64 %g0_addr_24, i64 1" [spikingformer_official.cpp:1304]   --->   Operation 86 'writereq' 'g0_addr_65_req' <Predicate = true> <Delay = 7.30> <CoreInst = "m_axi">   --->   Core 119 'm_axi' <Latency = 9> <II = 1> <Delay = 1.00> <Adapter> <Opcode : 'readrequnaligned' 'writerequnaligned' 'read' 'write' 'readreq' 'writereq' 'writeresp'>

State 12 <SV = 11> <Delay = 7.30>
ST_12 : Operation 87 [1/1] ( I:7.30ns O:7.30ns )   --->   "%write_ln1304 = write void @_ssdm_op_Write.m_axi.i32P1A, i64 %g0_addr_24, i32 %v530, i4 15" [spikingformer_official.cpp:1304]   --->   Operation 87 'write' 'write_ln1304' <Predicate = true> <Delay = 7.30> <CoreInst = "m_axi">   --->   Core 119 'm_axi' <Latency = 5> <II = 1> <Delay = 1.00> <Adapter> <Opcode : 'readrequnaligned' 'writerequnaligned' 'read' 'write' 'readreq' 'writereq' 'writeresp'>

State 13 <SV = 12> <Delay = 0.00>
ST_13 : Operation 88 [5/5] (7.30ns)   --->   "%g0_addr_65_resp = writeresp i1 @_ssdm_op_WriteResp.m_axi.i32P1A, i64 %g0_addr_24" [spikingformer_official.cpp:1304]   --->   Operation 88 'writeresp' 'g0_addr_65_resp' <Predicate = true> <Delay = 7.30> <CoreInst = "m_axi">   --->   Core 119 'm_axi' <Latency = 3> <II = 1> <Delay = 1.00> <Adapter> <Opcode : 'readrequnaligned' 'writerequnaligned' 'read' 'write' 'readreq' 'writereq' 'writeresp'>

State 14 <SV = 13> <Delay = 0.00>
ST_14 : Operation 89 [4/5] (7.30ns)   --->   "%g0_addr_65_resp = writeresp i1 @_ssdm_op_WriteResp.m_axi.i32P1A, i64 %g0_addr_24" [spikingformer_official.cpp:1304]   --->   Operation 89 'writeresp' 'g0_addr_65_resp' <Predicate = true> <Delay = 7.30> <CoreInst = "m_axi">   --->   Core 119 'm_axi' <Latency = 3> <II = 1> <Delay = 1.00> <Adapter> <Opcode : 'readrequnaligned' 'writerequnaligned' 'read' 'write' 'readreq' 'writereq' 'writeresp'>

State 15 <SV = 14> <Delay = 0.00>
ST_15 : Operation 90 [3/5] (7.30ns)   --->   "%g0_addr_65_resp = writeresp i1 @_ssdm_op_WriteResp.m_axi.i32P1A, i64 %g0_addr_24" [spikingformer_official.cpp:1304]   --->   Operation 90 'writeresp' 'g0_addr_65_resp' <Predicate = true> <Delay = 7.30> <CoreInst = "m_axi">   --->   Core 119 'm_axi' <Latency = 3> <II = 1> <Delay = 1.00> <Adapter> <Opcode : 'readrequnaligned' 'writerequnaligned' 'read' 'write' 'readreq' 'writereq' 'writeresp'>

State 16 <SV = 15> <Delay = 0.42>
ST_16 : Operation 91 [2/5] (7.30ns)   --->   "%g0_addr_65_resp = writeresp i1 @_ssdm_op_WriteResp.m_axi.i32P1A, i64 %g0_addr_24" [spikingformer_official.cpp:1304]   --->   Operation 91 'writeresp' 'g0_addr_65_resp' <Predicate = true> <Delay = 7.30> <CoreInst = "m_axi">   --->   Core 119 'm_axi' <Latency = 3> <II = 1> <Delay = 1.00> <Adapter> <Opcode : 'readrequnaligned' 'writerequnaligned' 'read' 'write' 'readreq' 'writereq' 'writeresp'>
ST_16 : Operation 97 [1/1] (0.42ns)   --->   "%ret_ln1308 = ret" [spikingformer_official.cpp:1308]   --->   Operation 97 'ret' 'ret_ln1308' <Predicate = (icmp_ln1297)> <Delay = 0.42>

State 17 <SV = 16> <Delay = 7.30>
ST_17 : Operation 92 [1/1] (0.00ns)   --->   "%specloopname_ln0 = specloopname void @_ssdm_op_SpecLoopName, void @VITIS_LOOP_1297_1_VITIS_LOOP_1298_2_VITIS_LOOP_1299_3_str"   --->   Operation 92 'specloopname' 'specloopname_ln0' <Predicate = true> <Delay = 0.00>
ST_17 : Operation 93 [1/1] (0.00ns)   --->   "%speclooptripcount_ln0 = speclooptripcount void @_ssdm_op_SpecLoopTripCount, i64 98304, i64 98304, i64 98304"   --->   Operation 93 'speclooptripcount' 'speclooptripcount_ln0' <Predicate = true> <Delay = 0.00>
ST_17 : Operation 94 [1/1] (0.00ns)   --->   "%specpipeline_ln1300 = specpipeline void @_ssdm_op_SpecPipeline, i32 1, i32 0, i32 0, i32 0, i32 4294967295, void @empty_35" [spikingformer_official.cpp:1300]   --->   Operation 94 'specpipeline' 'specpipeline_ln1300' <Predicate = true> <Delay = 0.00>
ST_17 : Operation 95 [1/5] ( I:7.30ns O:7.30ns )   --->   "%g0_addr_65_resp = writeresp i1 @_ssdm_op_WriteResp.m_axi.i32P1A, i64 %g0_addr_24" [spikingformer_official.cpp:1304]   --->   Operation 95 'writeresp' 'g0_addr_65_resp' <Predicate = true> <Delay = 7.30> <CoreInst = "m_axi">   --->   Core 119 'm_axi' <Latency = 3> <II = 1> <Delay = 1.00> <Adapter> <Opcode : 'readrequnaligned' 'writerequnaligned' 'read' 'write' 'readreq' 'writereq' 'writeresp'>
ST_17 : Operation 96 [1/1] (0.00ns)   --->   "%br_ln1299 = br void %for.inc" [spikingformer_official.cpp:1299]   --->   Operation 96 'br' 'br_ln1299' <Predicate = true> <Delay = 0.00>


============================================================
+ Verbose Summary: Binding
============================================================
STG Binding: 
---------------- STG Properties BEGIN ----------------
- Is combinational: 0
- Is one-state seq: 0
- Is datapath-only: 0
- Is pipelined: 0
- Is top level: 0
Port [ Return ] is wired: 1; IO mode=ap_ctrl_hs:ce=0
Port [ g0]:  wired=1; compound=1; hidden=0; nouse=0; global=0; static=0; extern=0; dir=2; type=4; pingpong=0; private_global=0; IO mode=m_axi:ce=0
Port [ v525]:  wired=1; compound=0; hidden=0; nouse=0; global=0; static=0; extern=0; dir=0; type=0; pingpong=0; private_global=0; IO mode=ap_none:ce=0
Port [ v526]:  wired=1; compound=0; hidden=0; nouse=0; global=0; static=0; extern=0; dir=0; type=0; pingpong=0; private_global=0; IO mode=ap_none:ce=0
---------------- STG Properties END ------------------

---------------- Datapath Model BEGIN ----------------

<LifeTime>
<method=bitvector/>
v529                  (alloca           ) [ 011000000000000000]
v528                  (alloca           ) [ 011000000000000000]
indvar_flatten        (alloca           ) [ 011000000000000000]
v527                  (alloca           ) [ 011000000000000000]
indvar_flatten12      (alloca           ) [ 011000000000000000]
specstablecontent_ln0 (specstablecontent) [ 000000000000000000]
specinterface_ln0     (specinterface    ) [ 000000000000000000]
v526_read             (read             ) [ 011000000000000000]
v525_read             (read             ) [ 011000000000000000]
store_ln0             (store            ) [ 000000000000000000]
store_ln1297          (store            ) [ 000000000000000000]
store_ln0             (store            ) [ 000000000000000000]
store_ln1298          (store            ) [ 000000000000000000]
store_ln1299          (store            ) [ 000000000000000000]
br_ln1297             (br               ) [ 000000000000000000]
indvar_flatten12_load (load             ) [ 000000000000000000]
icmp_ln1297           (icmp             ) [ 011111111111111110]
add_ln1297_1          (add              ) [ 000000000000000000]
br_ln1297             (br               ) [ 000000000000000000]
v529_load             (load             ) [ 000000000000000000]
v528_load             (load             ) [ 000000000000000000]
indvar_flatten_load   (load             ) [ 000000000000000000]
v527_load             (load             ) [ 000000000000000000]
add_ln1297            (add              ) [ 000000000000000000]
icmp_ln1298           (icmp             ) [ 000000000000000000]
select_ln1297         (select           ) [ 000000000000000000]
xor_ln1297            (xor              ) [ 000000000000000000]
icmp_ln1299           (icmp             ) [ 000000000000000000]
and_ln1297            (and              ) [ 000000000000000000]
select_ln1297_1       (select           ) [ 000000000000000000]
add_ln1298            (add              ) [ 000000000000000000]
empty                 (or               ) [ 000000000000000000]
v529_mid2             (select           ) [ 000000000000000000]
select_ln1298         (select           ) [ 000000000000000000]
shl_ln                (bitconcatenate   ) [ 000000000000000000]
zext_ln1298           (zext             ) [ 000000000000000000]
trunc_ln1303          (trunc            ) [ 000000000000000000]
add_ln1303            (add              ) [ 000000000000000000]
trunc_ln1303_1        (trunc            ) [ 000000000000000000]
tmp1                  (bitconcatenate   ) [ 000000000000000000]
zext_ln1303           (zext             ) [ 000000000000000000]
add_ln1303_1          (add              ) [ 000000000000000000]
trunc_ln              (partselect       ) [ 000000000000000000]
sext_ln1303           (sext             ) [ 000000000000000000]
g0_addr               (getelementptr    ) [ 010111111111000000]
add_ln1304            (add              ) [ 000000000000000000]
add_ln1304_1          (add              ) [ 000000000000000000]
trunc_ln19            (partselect       ) [ 000000000000000000]
sext_ln1304           (sext             ) [ 000000000000000000]
g0_addr_24            (getelementptr    ) [ 010111111111111111]
add_ln1299            (add              ) [ 000000000000000000]
add_ln1298_1          (add              ) [ 000000000000000000]
select_ln1298_1       (select           ) [ 000000000000000000]
store_ln1297          (store            ) [ 000000000000000000]
store_ln1297          (store            ) [ 000000000000000000]
store_ln1298          (store            ) [ 000000000000000000]
store_ln1298          (store            ) [ 000000000000000000]
store_ln1299          (store            ) [ 000000000000000000]
v530_req              (readreq          ) [ 000000000000000000]
v530                  (read             ) [ 010000000000100000]
g0_addr_65_req        (writereq         ) [ 000000000000000000]
write_ln1304          (write            ) [ 000000000000000000]
specloopname_ln0      (specloopname     ) [ 000000000000000000]
speclooptripcount_ln0 (speclooptripcount) [ 000000000000000000]
specpipeline_ln1300   (specpipeline     ) [ 000000000000000000]
g0_addr_65_resp       (writeresp        ) [ 000000000000000000]
br_ln1299             (br               ) [ 000000000000000000]
ret_ln1308            (ret              ) [ 000000000000000000]
</LifeTime>

<model>

<comp_list>
<comp id="0" class="1000" name="g0">
<pin_list>
<pin id="1" dir="1" index="0" bw="1" slack="0"/>
</pin_list>
<bind>
<StgValue><ssdm name="g0"/><MemPortTyVec>2 </MemPortTyVec>
</StgValue>
</bind>
</comp>

<comp id="2" class="1000" name="v525">
<pin_list>
<pin id="3" dir="1" index="0" bw="1" slack="0"/>
</pin_list>
<bind>
<StgValue><ssdm name="v525"/></StgValue>
</bind>
</comp>

<comp id="4" class="1000" name="v526">
<pin_list>
<pin id="5" dir="1" index="0" bw="1" slack="0"/>
</pin_list>
<bind>
<StgValue><ssdm name="v526"/></StgValue>
</bind>
</comp>

<comp id="6" class="1001" name="const_6">
<pin_list>
<pin id="7" dir="1" index="0" bw="1" slack="0"/>
</pin_list>
<bind>
<StgValue><ssdm name=""/></StgValue>
</bind>
</comp>

<comp id="8" class="1001" name="const_8">
<pin_list>
<pin id="9" dir="1" index="0" bw="1" slack="2147483647"/>
</pin_list>
<bind>
<StgValue><ssdm name="_ssdm_op_SpecStableContent"/></StgValue>
</bind>
</comp>

<comp id="10" class="1001" name="const_10">
<pin_list>
<pin id="11" dir="1" index="0" bw="1" slack="0"/>
</pin_list>
<bind>
<StgValue><ssdm name=""/></StgValue>
</bind>
</comp>

<comp id="12" class="1001" name="const_12">
<pin_list>
<pin id="13" dir="1" index="0" bw="1" slack="2147483647"/>
</pin_list>
<bind>
<StgValue><ssdm name=""/></StgValue>
</bind>
</comp>

<comp id="14" class="1001" name="const_14">
<pin_list>
<pin id="15" dir="1" index="0" bw="1" slack="2147483647"/>
</pin_list>
<bind>
<StgValue><ssdm name="_ssdm_op_SpecInterface"/></StgValue>
</bind>
</comp>

<comp id="16" class="1001" name="const_16">
<pin_list>
<pin id="17" dir="1" index="0" bw="1" slack="2147483647"/>
</pin_list>
<bind>
<StgValue><ssdm name="empty_26"/></StgValue>
</bind>
</comp>

<comp id="18" class="1001" name="const_18">
<pin_list>
<pin id="19" dir="1" index="0" bw="1" slack="2147483647"/>
</pin_list>
<bind>
<StgValue><ssdm name=""/></StgValue>
</bind>
</comp>

<comp id="20" class="1001" name="const_20">
<pin_list>
<pin id="21" dir="1" index="0" bw="1" slack="2147483647"/>
</pin_list>
<bind>
<StgValue><ssdm name="empty_35"/></StgValue>
</bind>
</comp>

<comp id="22" class="1001" name="const_22">
<pin_list>
<pin id="23" dir="1" index="0" bw="1" slack="2147483647"/>
</pin_list>
<bind>
<StgValue><ssdm name="empty_22"/></StgValue>
</bind>
</comp>

<comp id="24" class="1001" name="const_24">
<pin_list>
<pin id="25" dir="1" index="0" bw="1" slack="2147483647"/>
</pin_list>
<bind>
<StgValue><ssdm name="empty_25"/></StgValue>
</bind>
</comp>

<comp id="26" class="1001" name="const_26">
<pin_list>
<pin id="27" dir="1" index="0" bw="1" slack="2147483647"/>
</pin_list>
<bind>
<StgValue><ssdm name=""/></StgValue>
</bind>
</comp>

<comp id="28" class="1001" name="const_28">
<pin_list>
<pin id="29" dir="1" index="0" bw="1" slack="2147483647"/>
</pin_list>
<bind>
<StgValue><ssdm name=""/></StgValue>
</bind>
</comp>

<comp id="30" class="1001" name="const_30">
<pin_list>
<pin id="31" dir="1" index="0" bw="1" slack="2147483647"/>
</pin_list>
<bind>
<StgValue><ssdm name=""/></StgValue>
</bind>
</comp>

<comp id="32" class="1001" name="const_32">
<pin_list>
<pin id="33" dir="1" index="0" bw="1" slack="0"/>
</pin_list>
<bind>
<StgValue><ssdm name="_ssdm_op_Read.ap_auto.i64"/></StgValue>
</bind>
</comp>

<comp id="34" class="1001" name="const_34">
<pin_list>
<pin id="35" dir="1" index="0" bw="1" slack="0"/>
</pin_list>
<bind>
<StgValue><ssdm name=""/></StgValue>
</bind>
</comp>

<comp id="36" class="1001" name="const_36">
<pin_list>
<pin id="37" dir="1" index="0" bw="1" slack="0"/>
</pin_list>
<bind>
<StgValue><ssdm name=""/></StgValue>
</bind>
</comp>

<comp id="38" class="1001" name="const_38">
<pin_list>
<pin id="39" dir="1" index="0" bw="1" slack="0"/>
</pin_list>
<bind>
<StgValue><ssdm name=""/></StgValue>
</bind>
</comp>

<comp id="40" class="1001" name="const_40">
<pin_list>
<pin id="41" dir="1" index="0" bw="1" slack="0"/>
</pin_list>
<bind>
<StgValue><ssdm name=""/></StgValue>
</bind>
</comp>

<comp id="42" class="1001" name="const_42">
<pin_list>
<pin id="43" dir="1" index="0" bw="1" slack="0"/>
</pin_list>
<bind>
<StgValue><ssdm name=""/></StgValue>
</bind>
</comp>

<comp id="44" class="1001" name="const_44">
<pin_list>
<pin id="45" dir="1" index="0" bw="1" slack="0"/>
</pin_list>
<bind>
<StgValue><ssdm name=""/></StgValue>
</bind>
</comp>

<comp id="46" class="1001" name="const_46">
<pin_list>
<pin id="47" dir="1" index="0" bw="1" slack="0"/>
</pin_list>
<bind>
<StgValue><ssdm name=""/></StgValue>
</bind>
</comp>

<comp id="48" class="1001" name="const_48">
<pin_list>
<pin id="49" dir="1" index="0" bw="1" slack="0"/>
</pin_list>
<bind>
<StgValue><ssdm name=""/></StgValue>
</bind>
</comp>

<comp id="50" class="1001" name="const_50">
<pin_list>
<pin id="51" dir="1" index="0" bw="1" slack="0"/>
</pin_list>
<bind>
<StgValue><ssdm name=""/></StgValue>
</bind>
</comp>

<comp id="52" class="1001" name="const_52">
<pin_list>
<pin id="53" dir="1" index="0" bw="1" slack="0"/>
</pin_list>
<bind>
<StgValue><ssdm name=""/></StgValue>
</bind>
</comp>

<comp id="54" class="1001" name="const_54">
<pin_list>
<pin id="55" dir="1" index="0" bw="1" slack="0"/>
</pin_list>
<bind>
<StgValue><ssdm name="_ssdm_op_BitConcatenate.i19.i9.i10"/></StgValue>
</bind>
</comp>

<comp id="56" class="1001" name="const_56">
<pin_list>
<pin id="57" dir="1" index="0" bw="1" slack="0"/>
</pin_list>
<bind>
<StgValue><ssdm name="_ssdm_op_BitConcatenate.i10.i4.i4.i2"/></StgValue>
</bind>
</comp>

<comp id="58" class="1001" name="const_58">
<pin_list>
<pin id="59" dir="1" index="0" bw="1" slack="0"/>
</pin_list>
<bind>
<StgValue><ssdm name=""/></StgValue>
</bind>
</comp>

<comp id="60" class="1001" name="const_60">
<pin_list>
<pin id="61" dir="1" index="0" bw="1" slack="0"/>
</pin_list>
<bind>
<StgValue><ssdm name="_ssdm_op_PartSelect.i62.i64.i32.i32"/></StgValue>
</bind>
</comp>

<comp id="62" class="1001" name="const_62">
<pin_list>
<pin id="63" dir="1" index="0" bw="1" slack="0"/>
</pin_list>
<bind>
<StgValue><ssdm name=""/></StgValue>
</bind>
</comp>

<comp id="64" class="1001" name="const_64">
<pin_list>
<pin id="65" dir="1" index="0" bw="1" slack="0"/>
</pin_list>
<bind>
<StgValue><ssdm name=""/></StgValue>
</bind>
</comp>

<comp id="66" class="1001" name="const_66">
<pin_list>
<pin id="67" dir="1" index="0" bw="1" slack="0"/>
</pin_list>
<bind>
<StgValue><ssdm name=""/></StgValue>
</bind>
</comp>

<comp id="68" class="1001" name="const_68">
<pin_list>
<pin id="69" dir="1" index="0" bw="1" slack="0"/>
</pin_list>
<bind>
<StgValue><ssdm name="_ssdm_op_ReadReq.m_axi.i32P1A"/></StgValue>
</bind>
</comp>

<comp id="70" class="1001" name="const_70">
<pin_list>
<pin id="71" dir="1" index="0" bw="1" slack="0"/>
</pin_list>
<bind>
<StgValue><ssdm name=""/></StgValue>
</bind>
</comp>

<comp id="72" class="1001" name="const_72">
<pin_list>
<pin id="73" dir="1" index="0" bw="1" slack="0"/>
</pin_list>
<bind>
<StgValue><ssdm name="_ssdm_op_Read.m_axi.i32P1A"/></StgValue>
</bind>
</comp>

<comp id="74" class="1001" name="const_74">
<pin_list>
<pin id="75" dir="1" index="0" bw="1" slack="0"/>
</pin_list>
<bind>
<StgValue><ssdm name="_ssdm_op_WriteReq.m_axi.i32P1A"/></StgValue>
</bind>
</comp>

<comp id="76" class="1001" name="const_76">
<pin_list>
<pin id="77" dir="1" index="0" bw="1" slack="0"/>
</pin_list>
<bind>
<StgValue><ssdm name="_ssdm_op_Write.m_axi.i32P1A"/></StgValue>
</bind>
</comp>

<comp id="78" class="1001" name="const_78">
<pin_list>
<pin id="79" dir="1" index="0" bw="1" slack="0"/>
</pin_list>
<bind>
<StgValue><ssdm name=""/></StgValue>
</bind>
</comp>

<comp id="80" class="1001" name="const_80">
<pin_list>
<pin id="81" dir="1" index="0" bw="1" slack="0"/>
</pin_list>
<bind>
<StgValue><ssdm name="_ssdm_op_WriteResp.m_axi.i32P1A"/></StgValue>
</bind>
</comp>

<comp id="82" class="1001" name="const_82">
<pin_list>
<pin id="83" dir="1" index="0" bw="1" slack="2147483647"/>
</pin_list>
<bind>
<StgValue><ssdm name="_ssdm_op_SpecLoopName"/></StgValue>
</bind>
</comp>

<comp id="84" class="1001" name="const_84">
<pin_list>
<pin id="85" dir="1" index="0" bw="1" slack="2147483647"/>
</pin_list>
<bind>
<StgValue><ssdm name="VITIS_LOOP_1297_1_VITIS_LOOP_1298_2_VITIS_LOOP_1299_3_str"/></StgValue>
</bind>
</comp>

<comp id="86" class="1001" name="const_86">
<pin_list>
<pin id="87" dir="1" index="0" bw="1" slack="2147483647"/>
</pin_list>
<bind>
<StgValue><ssdm name="_ssdm_op_SpecLoopTripCount"/></StgValue>
</bind>
</comp>

<comp id="88" class="1001" name="const_88">
<pin_list>
<pin id="89" dir="1" index="0" bw="1" slack="2147483647"/>
</pin_list>
<bind>
<StgValue><ssdm name=""/></StgValue>
</bind>
</comp>

<comp id="90" class="1001" name="const_90">
<pin_list>
<pin id="91" dir="1" index="0" bw="1" slack="2147483647"/>
</pin_list>
<bind>
<StgValue><ssdm name="_ssdm_op_SpecPipeline"/></StgValue>
</bind>
</comp>

<comp id="92" class="1004" name="v529_fu_92">
<pin_list>
<pin id="93" dir="0" index="0" bw="1" slack="0"/>
<pin id="94" dir="1" index="1" bw="5" slack="0"/>
</pin_list>
<bind>
<opcode="alloca(26) " fcode="alloca"/>
<opset="v529/1 "/>
</bind>
</comp>

<comp id="96" class="1004" name="v528_fu_96">
<pin_list>
<pin id="97" dir="0" index="0" bw="1" slack="0"/>
<pin id="98" dir="1" index="1" bw="5" slack="0"/>
</pin_list>
<bind>
<opcode="alloca(26) " fcode="alloca"/>
<opset="v528/1 "/>
</bind>
</comp>

<comp id="100" class="1004" name="indvar_flatten_fu_100">
<pin_list>
<pin id="101" dir="0" index="0" bw="1" slack="0"/>
<pin id="102" dir="1" index="1" bw="10" slack="0"/>
</pin_list>
<bind>
<opcode="alloca(26) " fcode="alloca"/>
<opset="indvar_flatten/1 "/>
</bind>
</comp>

<comp id="104" class="1004" name="v527_fu_104">
<pin_list>
<pin id="105" dir="0" index="0" bw="1" slack="0"/>
<pin id="106" dir="1" index="1" bw="9" slack="0"/>
</pin_list>
<bind>
<opcode="alloca(26) " fcode="alloca"/>
<opset="v527/1 "/>
</bind>
</comp>

<comp id="108" class="1004" name="indvar_flatten12_fu_108">
<pin_list>
<pin id="109" dir="0" index="0" bw="1" slack="0"/>
<pin id="110" dir="1" index="1" bw="17" slack="0"/>
</pin_list>
<bind>
<opcode="alloca(26) " fcode="alloca"/>
<opset="indvar_flatten12/1 "/>
</bind>
</comp>

<comp id="112" class="1004" name="v526_read_read_fu_112">
<pin_list>
<pin id="113" dir="0" index="0" bw="64" slack="0"/>
<pin id="114" dir="0" index="1" bw="64" slack="0"/>
<pin id="115" dir="1" index="2" bw="64" slack="1"/>
</pin_list>
<bind>
<opcode="read(1150) " fcode="read"/>
<opset="v526_read/1 "/>
</bind>
</comp>

<comp id="118" class="1004" name="v525_read_read_fu_118">
<pin_list>
<pin id="119" dir="0" index="0" bw="64" slack="0"/>
<pin id="120" dir="0" index="1" bw="64" slack="0"/>
<pin id="121" dir="1" index="2" bw="64" slack="1"/>
</pin_list>
<bind>
<opcode="read(1150) " fcode="read"/>
<opset="v525_read/1 "/>
</bind>
</comp>

<comp id="124" class="1004" name="grp_readreq_fu_124">
<pin_list>
<pin id="125" dir="0" index="0" bw="1" slack="0"/>
<pin id="126" dir="0" index="1" bw="32" slack="1"/>
<pin id="127" dir="0" index="2" bw="1" slack="0"/>
<pin id="128" dir="1" index="3" bw="1" slack="2147483647"/>
</pin_list>
<bind>
<opcode="readreq(1154) " fcode="readreq"/>
<opset="v530_req/3 "/>
</bind>
</comp>

<comp id="131" class="1004" name="v530_read_fu_131">
<pin_list>
<pin id="132" dir="0" index="0" bw="32" slack="0"/>
<pin id="133" dir="0" index="1" bw="32" slack="9"/>
<pin id="134" dir="1" index="2" bw="32" slack="1"/>
</pin_list>
<bind>
<opcode="read(1150) " fcode="read"/>
<opset="v530/11 "/>
</bind>
</comp>

<comp id="136" class="1004" name="g0_addr_65_req_writereq_fu_136">
<pin_list>
<pin id="137" dir="0" index="0" bw="1" slack="0"/>
<pin id="138" dir="0" index="1" bw="32" slack="9"/>
<pin id="139" dir="0" index="2" bw="1" slack="0"/>
<pin id="140" dir="1" index="3" bw="1" slack="2147483647"/>
</pin_list>
<bind>
<opcode="writereq(1155) " fcode="writereq"/>
<opset="g0_addr_65_req/11 "/>
</bind>
</comp>

<comp id="143" class="1004" name="write_ln1304_write_fu_143">
<pin_list>
<pin id="144" dir="0" index="0" bw="0" slack="0"/>
<pin id="145" dir="0" index="1" bw="32" slack="10"/>
<pin id="146" dir="0" index="2" bw="32" slack="1"/>
<pin id="147" dir="0" index="3" bw="1" slack="0"/>
<pin id="148" dir="1" index="4" bw="0" slack="2147483647"/>
</pin_list>
<bind>
<opcode="write(1151) " fcode="write"/>
<opset="write_ln1304/12 "/>
</bind>
</comp>

<comp id="151" class="1004" name="grp_writeresp_fu_151">
<pin_list>
<pin id="152" dir="0" index="0" bw="1" slack="0"/>
<pin id="153" dir="0" index="1" bw="32" slack="11"/>
<pin id="154" dir="1" index="2" bw="1" slack="2147483647"/>
</pin_list>
<bind>
<opcode="writeresp(1158) " fcode="writeresp"/>
<opset="g0_addr_65_resp/13 "/>
</bind>
</comp>

<comp id="156" class="1004" name="store_ln0_store_fu_156">
<pin_list>
<pin id="157" dir="0" index="0" bw="1" slack="0"/>
<pin id="158" dir="0" index="1" bw="17" slack="0"/>
<pin id="159" dir="1" index="2" bw="0" slack="2147483647"/>
</pin_list>
<bind>
<opcode="store(28) " fcode="store"/>
<opset="store_ln0/1 "/>
</bind>
</comp>

<comp id="161" class="1004" name="store_ln1297_store_fu_161">
<pin_list>
<pin id="162" dir="0" index="0" bw="1" slack="0"/>
<pin id="163" dir="0" index="1" bw="9" slack="0"/>
<pin id="164" dir="1" index="2" bw="0" slack="2147483647"/>
</pin_list>
<bind>
<opcode="store(28) " fcode="store"/>
<opset="store_ln1297/1 "/>
</bind>
</comp>

<comp id="166" class="1004" name="store_ln0_store_fu_166">
<pin_list>
<pin id="167" dir="0" index="0" bw="1" slack="0"/>
<pin id="168" dir="0" index="1" bw="10" slack="0"/>
<pin id="169" dir="1" index="2" bw="0" slack="2147483647"/>
</pin_list>
<bind>
<opcode="store(28) " fcode="store"/>
<opset="store_ln0/1 "/>
</bind>
</comp>

<comp id="171" class="1004" name="store_ln1298_store_fu_171">
<pin_list>
<pin id="172" dir="0" index="0" bw="1" slack="0"/>
<pin id="173" dir="0" index="1" bw="5" slack="0"/>
<pin id="174" dir="1" index="2" bw="0" slack="2147483647"/>
</pin_list>
<bind>
<opcode="store(28) " fcode="store"/>
<opset="store_ln1298/1 "/>
</bind>
</comp>

<comp id="176" class="1004" name="store_ln1299_store_fu_176">
<pin_list>
<pin id="177" dir="0" index="0" bw="1" slack="0"/>
<pin id="178" dir="0" index="1" bw="5" slack="0"/>
<pin id="179" dir="1" index="2" bw="0" slack="2147483647"/>
</pin_list>
<bind>
<opcode="store(28) " fcode="store"/>
<opset="store_ln1299/1 "/>
</bind>
</comp>

<comp id="181" class="1004" name="indvar_flatten12_load_load_fu_181">
<pin_list>
<pin id="182" dir="0" index="0" bw="17" slack="1"/>
<pin id="183" dir="1" index="1" bw="17" slack="0"/>
</pin_list>
<bind>
<opcode="load(27) " fcode="load"/>
<opset="indvar_flatten12_load/2 "/>
</bind>
</comp>

<comp id="184" class="1004" name="icmp_ln1297_fu_184">
<pin_list>
<pin id="185" dir="0" index="0" bw="17" slack="0"/>
<pin id="186" dir="0" index="1" bw="17" slack="0"/>
<pin id="187" dir="1" index="2" bw="1" slack="14"/>
</pin_list>
<bind>
<opcode="icmp(45) " fcode="icmp"/>
<opset="icmp_ln1297/2 "/>
</bind>
</comp>

<comp id="190" class="1004" name="add_ln1297_1_fu_190">
<pin_list>
<pin id="191" dir="0" index="0" bw="17" slack="0"/>
<pin id="192" dir="0" index="1" bw="1" slack="0"/>
<pin id="193" dir="1" index="2" bw="17" slack="0"/>
</pin_list>
<bind>
<opcode="add(8) " fcode="add"/>
<opset="add_ln1297_1/2 "/>
</bind>
</comp>

<comp id="196" class="1004" name="v529_load_load_fu_196">
<pin_list>
<pin id="197" dir="0" index="0" bw="5" slack="1"/>
<pin id="198" dir="1" index="1" bw="5" slack="0"/>
</pin_list>
<bind>
<opcode="load(27) " fcode="load"/>
<opset="v529_load/2 "/>
</bind>
</comp>

<comp id="199" class="1004" name="v528_load_load_fu_199">
<pin_list>
<pin id="200" dir="0" index="0" bw="5" slack="1"/>
<pin id="201" dir="1" index="1" bw="5" slack="0"/>
</pin_list>
<bind>
<opcode="load(27) " fcode="load"/>
<opset="v528_load/2 "/>
</bind>
</comp>

<comp id="202" class="1004" name="indvar_flatten_load_load_fu_202">
<pin_list>
<pin id="203" dir="0" index="0" bw="10" slack="1"/>
<pin id="204" dir="1" index="1" bw="10" slack="0"/>
</pin_list>
<bind>
<opcode="load(27) " fcode="load"/>
<opset="indvar_flatten_load/2 "/>
</bind>
</comp>

<comp id="205" class="1004" name="v527_load_load_fu_205">
<pin_list>
<pin id="206" dir="0" index="0" bw="9" slack="1"/>
<pin id="207" dir="1" index="1" bw="9" slack="0"/>
</pin_list>
<bind>
<opcode="load(27) " fcode="load"/>
<opset="v527_load/2 "/>
</bind>
</comp>

<comp id="208" class="1004" name="add_ln1297_fu_208">
<pin_list>
<pin id="209" dir="0" index="0" bw="9" slack="0"/>
<pin id="210" dir="0" index="1" bw="1" slack="0"/>
<pin id="211" dir="1" index="2" bw="9" slack="0"/>
</pin_list>
<bind>
<opcode="add(8) " fcode="add"/>
<opset="add_ln1297/2 "/>
</bind>
</comp>

<comp id="214" class="1004" name="icmp_ln1298_fu_214">
<pin_list>
<pin id="215" dir="0" index="0" bw="10" slack="0"/>
<pin id="216" dir="0" index="1" bw="10" slack="0"/>
<pin id="217" dir="1" index="2" bw="1" slack="0"/>
</pin_list>
<bind>
<opcode="icmp(45) " fcode="icmp"/>
<opset="icmp_ln1298/2 "/>
</bind>
</comp>

<comp id="220" class="1004" name="select_ln1297_fu_220">
<pin_list>
<pin id="221" dir="0" index="0" bw="1" slack="0"/>
<pin id="222" dir="0" index="1" bw="5" slack="0"/>
<pin id="223" dir="0" index="2" bw="5" slack="0"/>
<pin id="224" dir="1" index="3" bw="5" slack="0"/>
</pin_list>
<bind>
<opcode="select(49) " fcode="select"/>
<opset="select_ln1297/2 "/>
</bind>
</comp>

<comp id="228" class="1004" name="xor_ln1297_fu_228">
<pin_list>
<pin id="229" dir="0" index="0" bw="1" slack="0"/>
<pin id="230" dir="0" index="1" bw="1" slack="0"/>
<pin id="231" dir="1" index="2" bw="1" slack="0"/>
</pin_list>
<bind>
<opcode="xor(25) " fcode="xor"/>
<opset="xor_ln1297/2 "/>
</bind>
</comp>

<comp id="234" class="1004" name="icmp_ln1299_fu_234">
<pin_list>
<pin id="235" dir="0" index="0" bw="5" slack="0"/>
<pin id="236" dir="0" index="1" bw="5" slack="0"/>
<pin id="237" dir="1" index="2" bw="1" slack="0"/>
</pin_list>
<bind>
<opcode="icmp(45) " fcode="icmp"/>
<opset="icmp_ln1299/2 "/>
</bind>
</comp>

<comp id="240" class="1004" name="and_ln1297_fu_240">
<pin_list>
<pin id="241" dir="0" index="0" bw="1" slack="0"/>
<pin id="242" dir="0" index="1" bw="1" slack="0"/>
<pin id="243" dir="1" index="2" bw="1" slack="0"/>
</pin_list>
<bind>
<opcode="and(23) " fcode="and"/>
<opset="and_ln1297/2 "/>
</bind>
</comp>

<comp id="246" class="1004" name="select_ln1297_1_fu_246">
<pin_list>
<pin id="247" dir="0" index="0" bw="1" slack="0"/>
<pin id="248" dir="0" index="1" bw="9" slack="0"/>
<pin id="249" dir="0" index="2" bw="9" slack="0"/>
<pin id="250" dir="1" index="3" bw="9" slack="0"/>
</pin_list>
<bind>
<opcode="select(49) " fcode="select"/>
<opset="select_ln1297_1/2 "/>
</bind>
</comp>

<comp id="254" class="1004" name="add_ln1298_fu_254">
<pin_list>
<pin id="255" dir="0" index="0" bw="5" slack="0"/>
<pin id="256" dir="0" index="1" bw="1" slack="0"/>
<pin id="257" dir="1" index="2" bw="5" slack="0"/>
</pin_list>
<bind>
<opcode="add(8) " fcode="add"/>
<opset="add_ln1298/2 "/>
</bind>
</comp>

<comp id="260" class="1004" name="empty_fu_260">
<pin_list>
<pin id="261" dir="0" index="0" bw="1" slack="0"/>
<pin id="262" dir="0" index="1" bw="1" slack="0"/>
<pin id="263" dir="1" index="2" bw="1" slack="0"/>
</pin_list>
<bind>
<opcode="or(24) " fcode="or"/>
<opset="empty/2 "/>
</bind>
</comp>

<comp id="266" class="1004" name="v529_mid2_fu_266">
<pin_list>
<pin id="267" dir="0" index="0" bw="1" slack="0"/>
<pin id="268" dir="0" index="1" bw="5" slack="0"/>
<pin id="269" dir="0" index="2" bw="5" slack="0"/>
<pin id="270" dir="1" index="3" bw="5" slack="0"/>
</pin_list>
<bind>
<opcode="select(49) " fcode="select"/>
<opset="v529_mid2/2 "/>
</bind>
</comp>

<comp id="274" class="1004" name="select_ln1298_fu_274">
<pin_list>
<pin id="275" dir="0" index="0" bw="1" slack="0"/>
<pin id="276" dir="0" index="1" bw="5" slack="0"/>
<pin id="277" dir="0" index="2" bw="5" slack="0"/>
<pin id="278" dir="1" index="3" bw="5" slack="0"/>
</pin_list>
<bind>
<opcode="select(49) " fcode="select"/>
<opset="select_ln1298/2 "/>
</bind>
</comp>

<comp id="282" class="1004" name="shl_ln_fu_282">
<pin_list>
<pin id="283" dir="0" index="0" bw="19" slack="0"/>
<pin id="284" dir="0" index="1" bw="9" slack="0"/>
<pin id="285" dir="0" index="2" bw="1" slack="0"/>
<pin id="286" dir="1" index="3" bw="19" slack="0"/>
</pin_list>
<bind>
<opcode="bitconcatenate(1004) " fcode="bitconcatenate"/>
<opset="shl_ln/2 "/>
</bind>
</comp>

<comp id="290" class="1004" name="zext_ln1298_fu_290">
<pin_list>
<pin id="291" dir="0" index="0" bw="19" slack="0"/>
<pin id="292" dir="1" index="1" bw="64" slack="0"/>
</pin_list>
<bind>
<opcode="zext(34) " fcode="zext"/>
<opset="zext_ln1298/2 "/>
</bind>
</comp>

<comp id="294" class="1004" name="trunc_ln1303_fu_294">
<pin_list>
<pin id="295" dir="0" index="0" bw="5" slack="0"/>
<pin id="296" dir="1" index="1" bw="4" slack="0"/>
</pin_list>
<bind>
<opcode="trunc(33) " fcode="trunc"/>
<opset="trunc_ln1303/2 "/>
</bind>
</comp>

<comp id="298" class="1004" name="add_ln1303_fu_298">
<pin_list>
<pin id="299" dir="0" index="0" bw="19" slack="0"/>
<pin id="300" dir="0" index="1" bw="64" slack="1"/>
<pin id="301" dir="1" index="2" bw="64" slack="0"/>
</pin_list>
<bind>
<opcode="add(8) " fcode="add"/>
<opset="add_ln1303/2 "/>
</bind>
</comp>

<comp id="303" class="1004" name="trunc_ln1303_1_fu_303">
<pin_list>
<pin id="304" dir="0" index="0" bw="5" slack="0"/>
<pin id="305" dir="1" index="1" bw="4" slack="0"/>
</pin_list>
<bind>
<opcode="trunc(33) " fcode="trunc"/>
<opset="trunc_ln1303_1/2 "/>
</bind>
</comp>

<comp id="307" class="1004" name="tmp1_fu_307">
<pin_list>
<pin id="308" dir="0" index="0" bw="10" slack="0"/>
<pin id="309" dir="0" index="1" bw="4" slack="0"/>
<pin id="310" dir="0" index="2" bw="4" slack="0"/>
<pin id="311" dir="0" index="3" bw="1" slack="0"/>
<pin id="312" dir="1" index="4" bw="10" slack="0"/>
</pin_list>
<bind>
<opcode="bitconcatenate(1004) " fcode="bitconcatenate"/>
<opset="tmp1/2 "/>
</bind>
</comp>

<comp id="317" class="1004" name="zext_ln1303_fu_317">
<pin_list>
<pin id="318" dir="0" index="0" bw="10" slack="0"/>
<pin id="319" dir="1" index="1" bw="64" slack="0"/>
</pin_list>
<bind>
<opcode="zext(34) " fcode="zext"/>
<opset="zext_ln1303/2 "/>
</bind>
</comp>

<comp id="321" class="1004" name="add_ln1303_1_fu_321">
<pin_list>
<pin id="322" dir="0" index="0" bw="10" slack="0"/>
<pin id="323" dir="0" index="1" bw="64" slack="0"/>
<pin id="324" dir="1" index="2" bw="64" slack="0"/>
</pin_list>
<bind>
<opcode="add(8) " fcode="add"/>
<opset="add_ln1303_1/2 "/>
</bind>
</comp>

<comp id="327" class="1004" name="trunc_ln_fu_327">
<pin_list>
<pin id="328" dir="0" index="0" bw="62" slack="0"/>
<pin id="329" dir="0" index="1" bw="64" slack="0"/>
<pin id="330" dir="0" index="2" bw="3" slack="0"/>
<pin id="331" dir="0" index="3" bw="7" slack="0"/>
<pin id="332" dir="1" index="4" bw="62" slack="0"/>
</pin_list>
<bind>
<opcode="partselect(1002) " fcode="partselect"/>
<opset="trunc_ln/2 "/>
</bind>
</comp>

<comp id="337" class="1004" name="sext_ln1303_fu_337">
<pin_list>
<pin id="338" dir="0" index="0" bw="62" slack="0"/>
<pin id="339" dir="1" index="1" bw="64" slack="0"/>
</pin_list>
<bind>
<opcode="sext(35) " fcode="sext"/>
<opset="sext_ln1303/2 "/>
</bind>
</comp>

<comp id="341" class="1004" name="g0_addr_fu_341">
<pin_list>
<pin id="342" dir="0" index="0" bw="64" slack="0"/>
<pin id="343" dir="0" index="1" bw="64" slack="0"/>
<pin id="344" dir="1" index="2" bw="64" slack="1"/>
</pin_list>
<bind>
<opcode="getelementptr(29) " fcode="getelementptr"/>
<opset="g0_addr/2 "/>
</bind>
</comp>

<comp id="347" class="1004" name="add_ln1304_fu_347">
<pin_list>
<pin id="348" dir="0" index="0" bw="19" slack="0"/>
<pin id="349" dir="0" index="1" bw="64" slack="1"/>
<pin id="350" dir="1" index="2" bw="64" slack="0"/>
</pin_list>
<bind>
<opcode="add(8) " fcode="add"/>
<opset="add_ln1304/2 "/>
</bind>
</comp>

<comp id="352" class="1004" name="add_ln1304_1_fu_352">
<pin_list>
<pin id="353" dir="0" index="0" bw="10" slack="0"/>
<pin id="354" dir="0" index="1" bw="64" slack="0"/>
<pin id="355" dir="1" index="2" bw="64" slack="0"/>
</pin_list>
<bind>
<opcode="add(8) " fcode="add"/>
<opset="add_ln1304_1/2 "/>
</bind>
</comp>

<comp id="358" class="1004" name="trunc_ln19_fu_358">
<pin_list>
<pin id="359" dir="0" index="0" bw="62" slack="0"/>
<pin id="360" dir="0" index="1" bw="64" slack="0"/>
<pin id="361" dir="0" index="2" bw="3" slack="0"/>
<pin id="362" dir="0" index="3" bw="7" slack="0"/>
<pin id="363" dir="1" index="4" bw="62" slack="0"/>
</pin_list>
<bind>
<opcode="partselect(1002) " fcode="partselect"/>
<opset="trunc_ln19/2 "/>
</bind>
</comp>

<comp id="368" class="1004" name="sext_ln1304_fu_368">
<pin_list>
<pin id="369" dir="0" index="0" bw="62" slack="0"/>
<pin id="370" dir="1" index="1" bw="64" slack="0"/>
</pin_list>
<bind>
<opcode="sext(35) " fcode="sext"/>
<opset="sext_ln1304/2 "/>
</bind>
</comp>

<comp id="372" class="1004" name="g0_addr_24_fu_372">
<pin_list>
<pin id="373" dir="0" index="0" bw="64" slack="0"/>
<pin id="374" dir="0" index="1" bw="64" slack="0"/>
<pin id="375" dir="1" index="2" bw="64" slack="9"/>
</pin_list>
<bind>
<opcode="getelementptr(29) " fcode="getelementptr"/>
<opset="g0_addr_24/2 "/>
</bind>
</comp>

<comp id="378" class="1004" name="add_ln1299_fu_378">
<pin_list>
<pin id="379" dir="0" index="0" bw="5" slack="0"/>
<pin id="380" dir="0" index="1" bw="1" slack="0"/>
<pin id="381" dir="1" index="2" bw="5" slack="0"/>
</pin_list>
<bind>
<opcode="add(8) " fcode="add"/>
<opset="add_ln1299/2 "/>
</bind>
</comp>

<comp id="384" class="1004" name="add_ln1298_1_fu_384">
<pin_list>
<pin id="385" dir="0" index="0" bw="10" slack="0"/>
<pin id="386" dir="0" index="1" bw="1" slack="0"/>
<pin id="387" dir="1" index="2" bw="10" slack="0"/>
</pin_list>
<bind>
<opcode="add(8) " fcode="add"/>
<opset="add_ln1298_1/2 "/>
</bind>
</comp>

<comp id="390" class="1004" name="select_ln1298_1_fu_390">
<pin_list>
<pin id="391" dir="0" index="0" bw="1" slack="0"/>
<pin id="392" dir="0" index="1" bw="10" slack="0"/>
<pin id="393" dir="0" index="2" bw="10" slack="0"/>
<pin id="394" dir="1" index="3" bw="10" slack="0"/>
</pin_list>
<bind>
<opcode="select(49) " fcode="select"/>
<opset="select_ln1298_1/2 "/>
</bind>
</comp>

<comp id="398" class="1004" name="store_ln1297_store_fu_398">
<pin_list>
<pin id="399" dir="0" index="0" bw="17" slack="0"/>
<pin id="400" dir="0" index="1" bw="17" slack="1"/>
<pin id="401" dir="1" index="2" bw="0" slack="2147483647"/>
</pin_list>
<bind>
<opcode="store(28) " fcode="store"/>
<opset="store_ln1297/2 "/>
</bind>
</comp>

<comp id="403" class="1004" name="store_ln1297_store_fu_403">
<pin_list>
<pin id="404" dir="0" index="0" bw="9" slack="0"/>
<pin id="405" dir="0" index="1" bw="9" slack="1"/>
<pin id="406" dir="1" index="2" bw="0" slack="2147483647"/>
</pin_list>
<bind>
<opcode="store(28) " fcode="store"/>
<opset="store_ln1297/2 "/>
</bind>
</comp>

<comp id="408" class="1004" name="store_ln1298_store_fu_408">
<pin_list>
<pin id="409" dir="0" index="0" bw="10" slack="0"/>
<pin id="410" dir="0" index="1" bw="10" slack="1"/>
<pin id="411" dir="1" index="2" bw="0" slack="2147483647"/>
</pin_list>
<bind>
<opcode="store(28) " fcode="store"/>
<opset="store_ln1298/2 "/>
</bind>
</comp>

<comp id="413" class="1004" name="store_ln1298_store_fu_413">
<pin_list>
<pin id="414" dir="0" index="0" bw="5" slack="0"/>
<pin id="415" dir="0" index="1" bw="5" slack="1"/>
<pin id="416" dir="1" index="2" bw="0" slack="2147483647"/>
</pin_list>
<bind>
<opcode="store(28) " fcode="store"/>
<opset="store_ln1298/2 "/>
</bind>
</comp>

<comp id="418" class="1004" name="store_ln1299_store_fu_418">
<pin_list>
<pin id="419" dir="0" index="0" bw="5" slack="0"/>
<pin id="420" dir="0" index="1" bw="5" slack="1"/>
<pin id="421" dir="1" index="2" bw="0" slack="2147483647"/>
</pin_list>
<bind>
<opcode="store(28) " fcode="store"/>
<opset="store_ln1299/2 "/>
</bind>
</comp>

<comp id="423" class="1005" name="v529_reg_423">
<pin_list>
<pin id="424" dir="0" index="0" bw="5" slack="0"/>
<pin id="425" dir="1" index="1" bw="5" slack="0"/>
</pin_list>
<bind>
<opset="v529 "/>
</bind>
</comp>

<comp id="430" class="1005" name="v528_reg_430">
<pin_list>
<pin id="431" dir="0" index="0" bw="5" slack="0"/>
<pin id="432" dir="1" index="1" bw="5" slack="0"/>
</pin_list>
<bind>
<opset="v528 "/>
</bind>
</comp>

<comp id="437" class="1005" name="indvar_flatten_reg_437">
<pin_list>
<pin id="438" dir="0" index="0" bw="10" slack="0"/>
<pin id="439" dir="1" index="1" bw="10" slack="0"/>
</pin_list>
<bind>
<opset="indvar_flatten "/>
</bind>
</comp>

<comp id="444" class="1005" name="v527_reg_444">
<pin_list>
<pin id="445" dir="0" index="0" bw="9" slack="0"/>
<pin id="446" dir="1" index="1" bw="9" slack="0"/>
</pin_list>
<bind>
<opset="v527 "/>
</bind>
</comp>

<comp id="451" class="1005" name="indvar_flatten12_reg_451">
<pin_list>
<pin id="452" dir="0" index="0" bw="17" slack="0"/>
<pin id="453" dir="1" index="1" bw="17" slack="0"/>
</pin_list>
<bind>
<opset="indvar_flatten12 "/>
</bind>
</comp>

<comp id="458" class="1005" name="v526_read_reg_458">
<pin_list>
<pin id="459" dir="0" index="0" bw="64" slack="1"/>
<pin id="460" dir="1" index="1" bw="64" slack="1"/>
</pin_list>
<bind>
<opset="v526_read "/>
</bind>
</comp>

<comp id="463" class="1005" name="v525_read_reg_463">
<pin_list>
<pin id="464" dir="0" index="0" bw="64" slack="1"/>
<pin id="465" dir="1" index="1" bw="64" slack="1"/>
</pin_list>
<bind>
<opset="v525_read "/>
</bind>
</comp>

<comp id="468" class="1005" name="icmp_ln1297_reg_468">
<pin_list>
<pin id="469" dir="0" index="0" bw="1" slack="14"/>
<pin id="470" dir="1" index="1" bw="1" slack="2147483647"/>
</pin_list>
<bind>
<opset="icmp_ln1297 "/>
</bind>
</comp>

<comp id="472" class="1005" name="g0_addr_reg_472">
<pin_list>
<pin id="473" dir="0" index="0" bw="32" slack="1"/>
<pin id="474" dir="1" index="1" bw="32" slack="1"/>
</pin_list>
<bind>
<opset="g0_addr "/>
</bind>
</comp>

<comp id="478" class="1005" name="g0_addr_24_reg_478">
<pin_list>
<pin id="479" dir="0" index="0" bw="32" slack="9"/>
<pin id="480" dir="1" index="1" bw="32" slack="9"/>
</pin_list>
<bind>
<opset="g0_addr_24 "/>
</bind>
</comp>

<comp id="485" class="1005" name="v530_reg_485">
<pin_list>
<pin id="486" dir="0" index="0" bw="32" slack="1"/>
<pin id="487" dir="1" index="1" bw="32" slack="1"/>
</pin_list>
<bind>
<opset="v530 "/>
</bind>
</comp>

</comp_list>

<net_list>
<net id="95"><net_src comp="6" pin="0"/><net_sink comp="92" pin=0"/></net>

<net id="99"><net_src comp="6" pin="0"/><net_sink comp="96" pin=0"/></net>

<net id="103"><net_src comp="6" pin="0"/><net_sink comp="100" pin=0"/></net>

<net id="107"><net_src comp="6" pin="0"/><net_sink comp="104" pin=0"/></net>

<net id="111"><net_src comp="6" pin="0"/><net_sink comp="108" pin=0"/></net>

<net id="116"><net_src comp="32" pin="0"/><net_sink comp="112" pin=0"/></net>

<net id="117"><net_src comp="4" pin="0"/><net_sink comp="112" pin=1"/></net>

<net id="122"><net_src comp="32" pin="0"/><net_sink comp="118" pin=0"/></net>

<net id="123"><net_src comp="2" pin="0"/><net_sink comp="118" pin=1"/></net>

<net id="129"><net_src comp="68" pin="0"/><net_sink comp="124" pin=0"/></net>

<net id="130"><net_src comp="70" pin="0"/><net_sink comp="124" pin=2"/></net>

<net id="135"><net_src comp="72" pin="0"/><net_sink comp="131" pin=0"/></net>

<net id="141"><net_src comp="74" pin="0"/><net_sink comp="136" pin=0"/></net>

<net id="142"><net_src comp="70" pin="0"/><net_sink comp="136" pin=2"/></net>

<net id="149"><net_src comp="76" pin="0"/><net_sink comp="143" pin=0"/></net>

<net id="150"><net_src comp="78" pin="0"/><net_sink comp="143" pin=3"/></net>

<net id="155"><net_src comp="80" pin="0"/><net_sink comp="151" pin=0"/></net>

<net id="160"><net_src comp="34" pin="0"/><net_sink comp="156" pin=0"/></net>

<net id="165"><net_src comp="36" pin="0"/><net_sink comp="161" pin=0"/></net>

<net id="170"><net_src comp="38" pin="0"/><net_sink comp="166" pin=0"/></net>

<net id="175"><net_src comp="40" pin="0"/><net_sink comp="171" pin=0"/></net>

<net id="180"><net_src comp="40" pin="0"/><net_sink comp="176" pin=0"/></net>

<net id="188"><net_src comp="181" pin="1"/><net_sink comp="184" pin=0"/></net>

<net id="189"><net_src comp="42" pin="0"/><net_sink comp="184" pin=1"/></net>

<net id="194"><net_src comp="181" pin="1"/><net_sink comp="190" pin=0"/></net>

<net id="195"><net_src comp="44" pin="0"/><net_sink comp="190" pin=1"/></net>

<net id="212"><net_src comp="205" pin="1"/><net_sink comp="208" pin=0"/></net>

<net id="213"><net_src comp="46" pin="0"/><net_sink comp="208" pin=1"/></net>

<net id="218"><net_src comp="202" pin="1"/><net_sink comp="214" pin=0"/></net>

<net id="219"><net_src comp="48" pin="0"/><net_sink comp="214" pin=1"/></net>

<net id="225"><net_src comp="214" pin="2"/><net_sink comp="220" pin=0"/></net>

<net id="226"><net_src comp="40" pin="0"/><net_sink comp="220" pin=1"/></net>

<net id="227"><net_src comp="199" pin="1"/><net_sink comp="220" pin=2"/></net>

<net id="232"><net_src comp="214" pin="2"/><net_sink comp="228" pin=0"/></net>

<net id="233"><net_src comp="10" pin="0"/><net_sink comp="228" pin=1"/></net>

<net id="238"><net_src comp="196" pin="1"/><net_sink comp="234" pin=0"/></net>

<net id="239"><net_src comp="50" pin="0"/><net_sink comp="234" pin=1"/></net>

<net id="244"><net_src comp="234" pin="2"/><net_sink comp="240" pin=0"/></net>

<net id="245"><net_src comp="228" pin="2"/><net_sink comp="240" pin=1"/></net>

<net id="251"><net_src comp="214" pin="2"/><net_sink comp="246" pin=0"/></net>

<net id="252"><net_src comp="208" pin="2"/><net_sink comp="246" pin=1"/></net>

<net id="253"><net_src comp="205" pin="1"/><net_sink comp="246" pin=2"/></net>

<net id="258"><net_src comp="220" pin="3"/><net_sink comp="254" pin=0"/></net>

<net id="259"><net_src comp="52" pin="0"/><net_sink comp="254" pin=1"/></net>

<net id="264"><net_src comp="240" pin="2"/><net_sink comp="260" pin=0"/></net>

<net id="265"><net_src comp="214" pin="2"/><net_sink comp="260" pin=1"/></net>

<net id="271"><net_src comp="260" pin="2"/><net_sink comp="266" pin=0"/></net>

<net id="272"><net_src comp="40" pin="0"/><net_sink comp="266" pin=1"/></net>

<net id="273"><net_src comp="196" pin="1"/><net_sink comp="266" pin=2"/></net>

<net id="279"><net_src comp="240" pin="2"/><net_sink comp="274" pin=0"/></net>

<net id="280"><net_src comp="254" pin="2"/><net_sink comp="274" pin=1"/></net>

<net id="281"><net_src comp="220" pin="3"/><net_sink comp="274" pin=2"/></net>

<net id="287"><net_src comp="54" pin="0"/><net_sink comp="282" pin=0"/></net>

<net id="288"><net_src comp="246" pin="3"/><net_sink comp="282" pin=1"/></net>

<net id="289"><net_src comp="38" pin="0"/><net_sink comp="282" pin=2"/></net>

<net id="293"><net_src comp="282" pin="3"/><net_sink comp="290" pin=0"/></net>

<net id="297"><net_src comp="266" pin="3"/><net_sink comp="294" pin=0"/></net>

<net id="302"><net_src comp="290" pin="1"/><net_sink comp="298" pin=0"/></net>

<net id="306"><net_src comp="274" pin="3"/><net_sink comp="303" pin=0"/></net>

<net id="313"><net_src comp="56" pin="0"/><net_sink comp="307" pin=0"/></net>

<net id="314"><net_src comp="303" pin="1"/><net_sink comp="307" pin=1"/></net>

<net id="315"><net_src comp="294" pin="1"/><net_sink comp="307" pin=2"/></net>

<net id="316"><net_src comp="58" pin="0"/><net_sink comp="307" pin=3"/></net>

<net id="320"><net_src comp="307" pin="4"/><net_sink comp="317" pin=0"/></net>

<net id="325"><net_src comp="317" pin="1"/><net_sink comp="321" pin=0"/></net>

<net id="326"><net_src comp="298" pin="2"/><net_sink comp="321" pin=1"/></net>

<net id="333"><net_src comp="60" pin="0"/><net_sink comp="327" pin=0"/></net>

<net id="334"><net_src comp="321" pin="2"/><net_sink comp="327" pin=1"/></net>

<net id="335"><net_src comp="62" pin="0"/><net_sink comp="327" pin=2"/></net>

<net id="336"><net_src comp="64" pin="0"/><net_sink comp="327" pin=3"/></net>

<net id="340"><net_src comp="327" pin="4"/><net_sink comp="337" pin=0"/></net>

<net id="345"><net_src comp="0" pin="0"/><net_sink comp="341" pin=0"/></net>

<net id="346"><net_src comp="337" pin="1"/><net_sink comp="341" pin=1"/></net>

<net id="351"><net_src comp="290" pin="1"/><net_sink comp="347" pin=0"/></net>

<net id="356"><net_src comp="317" pin="1"/><net_sink comp="352" pin=0"/></net>

<net id="357"><net_src comp="347" pin="2"/><net_sink comp="352" pin=1"/></net>

<net id="364"><net_src comp="60" pin="0"/><net_sink comp="358" pin=0"/></net>

<net id="365"><net_src comp="352" pin="2"/><net_sink comp="358" pin=1"/></net>

<net id="366"><net_src comp="62" pin="0"/><net_sink comp="358" pin=2"/></net>

<net id="367"><net_src comp="64" pin="0"/><net_sink comp="358" pin=3"/></net>

<net id="371"><net_src comp="358" pin="4"/><net_sink comp="368" pin=0"/></net>

<net id="376"><net_src comp="0" pin="0"/><net_sink comp="372" pin=0"/></net>

<net id="377"><net_src comp="368" pin="1"/><net_sink comp="372" pin=1"/></net>

<net id="382"><net_src comp="266" pin="3"/><net_sink comp="378" pin=0"/></net>

<net id="383"><net_src comp="52" pin="0"/><net_sink comp="378" pin=1"/></net>

<net id="388"><net_src comp="202" pin="1"/><net_sink comp="384" pin=0"/></net>

<net id="389"><net_src comp="66" pin="0"/><net_sink comp="384" pin=1"/></net>

<net id="395"><net_src comp="214" pin="2"/><net_sink comp="390" pin=0"/></net>

<net id="396"><net_src comp="66" pin="0"/><net_sink comp="390" pin=1"/></net>

<net id="397"><net_src comp="384" pin="2"/><net_sink comp="390" pin=2"/></net>

<net id="402"><net_src comp="190" pin="2"/><net_sink comp="398" pin=0"/></net>

<net id="407"><net_src comp="246" pin="3"/><net_sink comp="403" pin=0"/></net>

<net id="412"><net_src comp="390" pin="3"/><net_sink comp="408" pin=0"/></net>

<net id="417"><net_src comp="274" pin="3"/><net_sink comp="413" pin=0"/></net>

<net id="422"><net_src comp="378" pin="2"/><net_sink comp="418" pin=0"/></net>

<net id="426"><net_src comp="92" pin="1"/><net_sink comp="423" pin=0"/></net>

<net id="427"><net_src comp="423" pin="1"/><net_sink comp="176" pin=1"/></net>

<net id="428"><net_src comp="423" pin="1"/><net_sink comp="196" pin=0"/></net>

<net id="429"><net_src comp="423" pin="1"/><net_sink comp="418" pin=1"/></net>

<net id="433"><net_src comp="96" pin="1"/><net_sink comp="430" pin=0"/></net>

<net id="434"><net_src comp="430" pin="1"/><net_sink comp="171" pin=1"/></net>

<net id="435"><net_src comp="430" pin="1"/><net_sink comp="199" pin=0"/></net>

<net id="436"><net_src comp="430" pin="1"/><net_sink comp="413" pin=1"/></net>

<net id="440"><net_src comp="100" pin="1"/><net_sink comp="437" pin=0"/></net>

<net id="441"><net_src comp="437" pin="1"/><net_sink comp="166" pin=1"/></net>

<net id="442"><net_src comp="437" pin="1"/><net_sink comp="202" pin=0"/></net>

<net id="443"><net_src comp="437" pin="1"/><net_sink comp="408" pin=1"/></net>

<net id="447"><net_src comp="104" pin="1"/><net_sink comp="444" pin=0"/></net>

<net id="448"><net_src comp="444" pin="1"/><net_sink comp="161" pin=1"/></net>

<net id="449"><net_src comp="444" pin="1"/><net_sink comp="205" pin=0"/></net>

<net id="450"><net_src comp="444" pin="1"/><net_sink comp="403" pin=1"/></net>

<net id="454"><net_src comp="108" pin="1"/><net_sink comp="451" pin=0"/></net>

<net id="455"><net_src comp="451" pin="1"/><net_sink comp="156" pin=1"/></net>

<net id="456"><net_src comp="451" pin="1"/><net_sink comp="181" pin=0"/></net>

<net id="457"><net_src comp="451" pin="1"/><net_sink comp="398" pin=1"/></net>

<net id="461"><net_src comp="112" pin="2"/><net_sink comp="458" pin=0"/></net>

<net id="462"><net_src comp="458" pin="1"/><net_sink comp="347" pin=1"/></net>

<net id="466"><net_src comp="118" pin="2"/><net_sink comp="463" pin=0"/></net>

<net id="467"><net_src comp="463" pin="1"/><net_sink comp="298" pin=1"/></net>

<net id="471"><net_src comp="184" pin="2"/><net_sink comp="468" pin=0"/></net>

<net id="475"><net_src comp="341" pin="2"/><net_sink comp="472" pin=0"/></net>

<net id="476"><net_src comp="472" pin="1"/><net_sink comp="124" pin=1"/></net>

<net id="477"><net_src comp="472" pin="1"/><net_sink comp="131" pin=1"/></net>

<net id="481"><net_src comp="372" pin="2"/><net_sink comp="478" pin=0"/></net>

<net id="482"><net_src comp="478" pin="1"/><net_sink comp="136" pin=1"/></net>

<net id="483"><net_src comp="478" pin="1"/><net_sink comp="143" pin=1"/></net>

<net id="484"><net_src comp="478" pin="1"/><net_sink comp="151" pin=1"/></net>

<net id="488"><net_src comp="131" pin="2"/><net_sink comp="485" pin=0"/></net>

<net id="489"><net_src comp="485" pin="1"/><net_sink comp="143" pin=2"/></net>

</net_list>

</model> 
---------------- Datapath Model END ------------------

* FSMD analyzer results:
  - Output states:
	Port: g0 | {11 12 13 14 15 16 17 }
 - Input state : 
	Port: kernel531 : g0 | {3 4 5 6 7 8 9 10 11 }
	Port: kernel531 : v525 | {1 }
	Port: kernel531 : v526 | {1 }
  - Chain level:
	State 1
		store_ln0 : 1
		store_ln1297 : 1
		store_ln0 : 1
		store_ln1298 : 1
		store_ln1299 : 1
	State 2
		icmp_ln1297 : 1
		add_ln1297_1 : 1
		br_ln1297 : 2
		add_ln1297 : 1
		icmp_ln1298 : 1
		select_ln1297 : 2
		xor_ln1297 : 2
		icmp_ln1299 : 1
		and_ln1297 : 2
		select_ln1297_1 : 2
		add_ln1298 : 3
		empty : 2
		v529_mid2 : 2
		select_ln1298 : 2
		shl_ln : 3
		zext_ln1298 : 4
		trunc_ln1303 : 3
		add_ln1303 : 5
		trunc_ln1303_1 : 3
		tmp1 : 4
		zext_ln1303 : 5
		add_ln1303_1 : 6
		trunc_ln : 7
		sext_ln1303 : 8
		g0_addr : 9
		add_ln1304 : 5
		add_ln1304_1 : 6
		trunc_ln19 : 7
		sext_ln1304 : 8
		g0_addr_24 : 9
		add_ln1299 : 3
		add_ln1298_1 : 1
		select_ln1298_1 : 2
		store_ln1297 : 2
		store_ln1297 : 3
		store_ln1298 : 3
		store_ln1298 : 3
		store_ln1299 : 4
	State 3
	State 4
	State 5
	State 6
	State 7
	State 8
	State 9
	State 10
	State 11
	State 12
	State 13
	State 14
	State 15
	State 16
	State 17


============================================================
+ Verbose Summary: Datapath Resource usage 
============================================================

* Functional unit list:
|----------|--------------------------------|---------|---------|
| Operation|         Functional Unit        |    FF   |   LUT   |
|----------|--------------------------------|---------|---------|
|          |       add_ln1297_1_fu_190      |    0    |    24   |
|          |        add_ln1297_fu_208       |    0    |    16   |
|          |        add_ln1298_fu_254       |    0    |    12   |
|          |        add_ln1303_fu_298       |    0    |    64   |
|    add   |       add_ln1303_1_fu_321      |    0    |    64   |
|          |        add_ln1304_fu_347       |    0    |    64   |
|          |       add_ln1304_1_fu_352      |    0    |    64   |
|          |        add_ln1299_fu_378       |    0    |    12   |
|          |       add_ln1298_1_fu_384      |    0    |    17   |
|----------|--------------------------------|---------|---------|
|          |       icmp_ln1297_fu_184       |    0    |    24   |
|   icmp   |       icmp_ln1298_fu_214       |    0    |    17   |
|          |       icmp_ln1299_fu_234       |    0    |    12   |
|----------|--------------------------------|---------|---------|
|          |      select_ln1297_fu_220      |    0    |    5    |
|          |     select_ln1297_1_fu_246     |    0    |    9    |
|  select  |        v529_mid2_fu_266        |    0    |    5    |
|          |      select_ln1298_fu_274      |    0    |    5    |
|          |     select_ln1298_1_fu_390     |    0    |    10   |
|----------|--------------------------------|---------|---------|
|    xor   |        xor_ln1297_fu_228       |    0    |    2    |
|----------|--------------------------------|---------|---------|
|    and   |        and_ln1297_fu_240       |    0    |    2    |
|----------|--------------------------------|---------|---------|
|    or    |          empty_fu_260          |    0    |    2    |
|----------|--------------------------------|---------|---------|
|          |      v526_read_read_fu_112     |    0    |    0    |
|   read   |      v525_read_read_fu_118     |    0    |    0    |
|          |        v530_read_fu_131        |    0    |    0    |
|----------|--------------------------------|---------|---------|
|  readreq |       grp_readreq_fu_124       |    0    |    0    |
|----------|--------------------------------|---------|---------|
| writereq | g0_addr_65_req_writereq_fu_136 |    0    |    0    |
|----------|--------------------------------|---------|---------|
|   write  |    write_ln1304_write_fu_143   |    0    |    0    |
|----------|--------------------------------|---------|---------|
| writeresp|      grp_writeresp_fu_151      |    0    |    0    |
|----------|--------------------------------|---------|---------|
|bitconcatenate|          shl_ln_fu_282         |    0    |    0    |
|          |           tmp1_fu_307          |    0    |    0    |
|----------|--------------------------------|---------|---------|
|   zext   |       zext_ln1298_fu_290       |    0    |    0    |
|          |       zext_ln1303_fu_317       |    0    |    0    |
|----------|--------------------------------|---------|---------|
|   trunc  |       trunc_ln1303_fu_294      |    0    |    0    |
|          |      trunc_ln1303_1_fu_303     |    0    |    0    |
|----------|--------------------------------|---------|---------|
|partselect|         trunc_ln_fu_327        |    0    |    0    |
|          |        trunc_ln19_fu_358       |    0    |    0    |
|----------|--------------------------------|---------|---------|
|   sext   |       sext_ln1303_fu_337       |    0    |    0    |
|          |       sext_ln1304_fu_368       |    0    |    0    |
|----------|--------------------------------|---------|---------|
|   Total  |                                |    0    |   430   |
|----------|--------------------------------|---------|---------|

Memories:
N/A

* Register list:
+------------------------+--------+
|                        |   FF   |
+------------------------+--------+
|   g0_addr_24_reg_478   |   32   |
|     g0_addr_reg_472    |   32   |
|   icmp_ln1297_reg_468  |    1   |
|indvar_flatten12_reg_451|   17   |
| indvar_flatten_reg_437 |   10   |
|    v525_read_reg_463   |   64   |
|    v526_read_reg_458   |   64   |
|      v527_reg_444      |    9   |
|      v528_reg_430      |    5   |
|      v529_reg_423      |    5   |
|      v530_reg_485      |   32   |
+------------------------+--------+
|          Total         |   271  |
+------------------------+--------+

* Multiplexer (MUX) list: 
|--------|------|------|------|--------|
|  Comp  |  Pin | Size |  BW  | S x BW |
|--------|------|------|------|--------|
|  Total |      |      |      |    0   |
|--------|------|------|------|--------|



* Summary:
+-----------+--------+--------+
|           |   FF   |   LUT  |
+-----------+--------+--------+
|  Function |    0   |   430  |
|   Memory  |    -   |    -   |
|Multiplexer|    -   |    -   |
|  Register |   271  |    -   |
+-----------+--------+--------+
|   Total   |   271  |   430  |
+-----------+--------+--------+
