

================================================================
== Vitis HLS Report for 'kernel40'
================================================================
* Date:           Sun Jul 12 20:26:10 2026

* Version:        2025.2 (Build 6295257 on Nov 14 2025)
* Project:        spikingformer_proj
* Solution:       solution1 (Vivado IP Flow Target)
* Product family: zynquplus
* Target device:  xczu7ev-ffvc1156-2-e


================================================================
== Performance Estimates
================================================================
+ Timing: 
    * Summary: 
    +--------+----------+----------+------------+
    |  Clock |  Target  | Estimated| Uncertainty|
    +--------+----------+----------+------------+
    |ap_clk  |  10.00 ns|  7.300 ns|     2.70 ns|
    +--------+----------+----------+------------+

+ Latency: 
    * Summary: 
    +---------+---------+----------+----------+-------+-------+---------+
    |  Latency (cycles) |  Latency (absolute) |    Interval   | Pipeline|
    |   min   |   max   |    min   |    max   |  min  |  max  |   Type  |
    +---------+---------+----------+----------+-------+-------+---------+
    |    49174|    49174|  0.492 ms|  0.492 ms|  49174|  49174|       no|
    +---------+---------+----------+----------+-------+-------+---------+

    + Detail: 
        * Instance: 
        N/A

        * Loop: 
        N/A

============================================================
+ Verbose Summary: Synthesis Manager
============================================================
InlineROM: 1
ExposeGlobal: 0
============================================================
+ Verbose Summary: CDFG Model
============================================================
IsTopModel: 0
ResetActiveHigh: 1
IsCombinational: 0
IsDatapathOnly: 0
HasWiredReturn: 1
HasMFsm: 0
HasVarLatency: 1
IsPipeline: 0
IsRtlPipelined: 0
IsInstanceOverlapped: 0
IsDontTouch: 0
HasImplIP: 0
IsGatedGlobalClock: 0


============================================================
+ Verbose Summary: Schedule
============================================================
* Number of FSM states : 8
* Pipeline : 0
* Dataflow Pipeline: 0

* FSM state transitions: 
1 --> 2 
2 --> 3 
3 --> 4 
4 --> 5 
5 --> 6 
6 --> 7 
7 --> 8 
8 --> 

* FSM state operations: 

State 1 <SV = 0> <Delay = 7.30>
ST_1 : Operation 9 [1/1] (0.00ns)   --->   "%v212_read = read i64 @_ssdm_op_Read.ap_auto.i64, i64 %v212" [spikingformer_official.cpp:520]   --->   Operation 9 'read' 'v212_read' <Predicate = true> <Delay = 0.00>
ST_1 : Operation 10 [1/1] (0.00ns)   --->   "%trunc_ln524_2 = partselect i62 @_ssdm_op_PartSelect.i62.i64.i32.i32, i64 %v212_read, i32 2, i32 63" [spikingformer_official.cpp:524]   --->   Operation 10 'partselect' 'trunc_ln524_2' <Predicate = true> <Delay = 0.00>
ST_1 : Operation 11 [1/1] (0.00ns)   --->   "%sext_ln524 = sext i62 %trunc_ln524_2" [spikingformer_official.cpp:524]   --->   Operation 11 'sext' 'sext_ln524' <Predicate = true> <Delay = 0.00>
ST_1 : Operation 12 [1/1] (0.00ns)   --->   "%g0_addr = getelementptr i32 %g0, i64 %sext_ln524" [spikingformer_official.cpp:524]   --->   Operation 12 'getelementptr' 'g0_addr' <Predicate = true> <Delay = 0.00>
ST_1 : Operation 13 [1/1] ( I:7.30ns O:7.30ns )   --->   "%empty = writereq i1 @_ssdm_op_WriteReq.m_axi.p1i32, i32 %g0_addr, i64 24576" [spikingformer_official.cpp:524]   --->   Operation 13 'writereq' 'empty' <Predicate = true> <Delay = 7.30> <CoreInst = "m_axi">   --->   Core 119 'm_axi' <Latency = 9> <II = 1> <Delay = 1.00> <Adapter> <Opcode : 'readrequnaligned' 'writerequnaligned' 'read' 'write' 'readreq' 'writereq' 'writeresp'>

State 2 <SV = 1> <Delay = 0.00>
ST_2 : Operation 14 [1/1] (0.00ns)   --->   "%v211_read = read i64 @_ssdm_op_Read.ap_auto.i64, i64 %v211" [spikingformer_official.cpp:520]   --->   Operation 14 'read' 'v211_read' <Predicate = true> <Delay = 0.00>
ST_2 : Operation 15 [1/1] (0.00ns)   --->   "%v210_read = read i64 @_ssdm_op_Read.ap_auto.i64, i64 %v210" [spikingformer_official.cpp:520]   --->   Operation 15 'read' 'v210_read' <Predicate = true> <Delay = 0.00>
ST_2 : Operation 16 [1/1] (0.00ns)   --->   "%trunc_ln = partselect i62 @_ssdm_op_PartSelect.i62.i64.i32.i32, i64 %v211_read, i32 2, i32 63" [spikingformer_official.cpp:524]   --->   Operation 16 'partselect' 'trunc_ln' <Predicate = true> <Delay = 0.00>
ST_2 : Operation 17 [1/1] (0.00ns)   --->   "%trunc_ln524_1 = partselect i62 @_ssdm_op_PartSelect.i62.i64.i32.i32, i64 %v210_read, i32 2, i32 63" [spikingformer_official.cpp:524]   --->   Operation 17 'partselect' 'trunc_ln524_1' <Predicate = true> <Delay = 0.00>
ST_2 : Operation 18 [2/2] (0.00ns)   --->   "%call_ln524 = call void @kernel40_Pipeline_VITIS_LOOP_524_1_VITIS_LOOP_525_2_VITIS_LOOP_526_3, i32 %g0, i62 %trunc_ln, i62 %trunc_ln524_2, i62 %trunc_ln524_1, i62 %trunc_ln, i62 %trunc_ln524_1" [spikingformer_official.cpp:524]   --->   Operation 18 'call' 'call_ln524' <Predicate = true> <Delay = 0.00> <CoreType = "Generic">   --->   Generic Core

State 3 <SV = 2> <Delay = 0.00>
ST_3 : Operation 19 [1/2] (0.00ns)   --->   "%call_ln524 = call void @kernel40_Pipeline_VITIS_LOOP_524_1_VITIS_LOOP_525_2_VITIS_LOOP_526_3, i32 %g0, i62 %trunc_ln, i62 %trunc_ln524_2, i62 %trunc_ln524_1, i62 %trunc_ln, i62 %trunc_ln524_1" [spikingformer_official.cpp:524]   --->   Operation 19 'call' 'call_ln524' <Predicate = true> <Delay = 0.00> <CoreType = "Generic">   --->   Generic Core

State 4 <SV = 3> <Delay = 0.00>
ST_4 : Operation 20 [5/5] (7.30ns)   --->   "%empty_79 = writeresp i1 @_ssdm_op_WriteResp.m_axi.p1i32, i32 %g0_addr" [spikingformer_official.cpp:538]   --->   Operation 20 'writeresp' 'empty_79' <Predicate = true> <Delay = 7.30> <CoreInst = "m_axi">   --->   Core 119 'm_axi' <Latency = 3> <II = 1> <Delay = 1.00> <Adapter> <Opcode : 'readrequnaligned' 'writerequnaligned' 'read' 'write' 'readreq' 'writereq' 'writeresp'>

State 5 <SV = 4> <Delay = 0.00>
ST_5 : Operation 21 [4/5] (7.30ns)   --->   "%empty_79 = writeresp i1 @_ssdm_op_WriteResp.m_axi.p1i32, i32 %g0_addr" [spikingformer_official.cpp:538]   --->   Operation 21 'writeresp' 'empty_79' <Predicate = true> <Delay = 7.30> <CoreInst = "m_axi">   --->   Core 119 'm_axi' <Latency = 3> <II = 1> <Delay = 1.00> <Adapter> <Opcode : 'readrequnaligned' 'writerequnaligned' 'read' 'write' 'readreq' 'writereq' 'writeresp'>

State 6 <SV = 5> <Delay = 0.00>
ST_6 : Operation 22 [3/5] (7.30ns)   --->   "%empty_79 = writeresp i1 @_ssdm_op_WriteResp.m_axi.p1i32, i32 %g0_addr" [spikingformer_official.cpp:538]   --->   Operation 22 'writeresp' 'empty_79' <Predicate = true> <Delay = 7.30> <CoreInst = "m_axi">   --->   Core 119 'm_axi' <Latency = 3> <II = 1> <Delay = 1.00> <Adapter> <Opcode : 'readrequnaligned' 'writerequnaligned' 'read' 'write' 'readreq' 'writereq' 'writeresp'>

State 7 <SV = 6> <Delay = 0.00>
ST_7 : Operation 23 [2/5] (7.30ns)   --->   "%empty_79 = writeresp i1 @_ssdm_op_WriteResp.m_axi.p1i32, i32 %g0_addr" [spikingformer_official.cpp:538]   --->   Operation 23 'writeresp' 'empty_79' <Predicate = true> <Delay = 7.30> <CoreInst = "m_axi">   --->   Core 119 'm_axi' <Latency = 3> <II = 1> <Delay = 1.00> <Adapter> <Opcode : 'readrequnaligned' 'writerequnaligned' 'read' 'write' 'readreq' 'writereq' 'writeresp'>

State 8 <SV = 7> <Delay = 7.30>
ST_8 : Operation 24 [1/1] (0.00ns)   --->   "%specstablecontent_ln0 = specstablecontent void @_ssdm_op_SpecStableContent, i32 %g0, i1 1, void "   --->   Operation 24 'specstablecontent' 'specstablecontent_ln0' <Predicate = true> <Delay = 0.00>
ST_8 : Operation 25 [1/1] (0.00ns)   --->   "%specinterface_ln0 = specinterface void @_ssdm_op_SpecInterface, i32 %g0, void @empty_26, i32 0, i32 0, void @empty_35, i32 0, i32 0, void @empty_22, void @empty_25, void @empty_35, i32 16, i32 16, i32 16, i32 16, void @empty_35, void @empty_35, i32 4294967295, i32 0, i32 0, i32 4"   --->   Operation 25 'specinterface' 'specinterface_ln0' <Predicate = true> <Delay = 0.00>
ST_8 : Operation 26 [1/5] ( I:7.30ns O:7.30ns )   --->   "%empty_79 = writeresp i1 @_ssdm_op_WriteResp.m_axi.p1i32, i32 %g0_addr" [spikingformer_official.cpp:538]   --->   Operation 26 'writeresp' 'empty_79' <Predicate = true> <Delay = 7.30> <CoreInst = "m_axi">   --->   Core 119 'm_axi' <Latency = 3> <II = 1> <Delay = 1.00> <Adapter> <Opcode : 'readrequnaligned' 'writerequnaligned' 'read' 'write' 'readreq' 'writereq' 'writeresp'>
ST_8 : Operation 27 [1/1] (0.00ns)   --->   "%ret_ln538 = ret" [spikingformer_official.cpp:538]   --->   Operation 27 'ret' 'ret_ln538' <Predicate = true> <Delay = 0.00>


============================================================
+ Verbose Summary: Timing violations
============================================================
Target clock period: 10.000ns, clock uncertainty: 2.700ns.

 <State 1>: 7.300ns
The critical path consists of the following:
	wire read operation ('v212', spikingformer_official.cpp:520) on port 'v212' (spikingformer_official.cpp:520) [7]  (0.000 ns)
	'getelementptr' operation 32 bit ('g0_addr', spikingformer_official.cpp:524) [14]  (0.000 ns)
	bus request operation ('empty', spikingformer_official.cpp:524) on port 'g0' (spikingformer_official.cpp:524) [15]  (7.300 ns)

 <State 2>: 0.000ns
The critical path consists of the following:

 <State 3>: 0.000ns
The critical path consists of the following:

 <State 4>: 0.000ns
The critical path consists of the following:

 <State 5>: 0.000ns
The critical path consists of the following:

 <State 6>: 0.000ns
The critical path consists of the following:

 <State 7>: 0.000ns
The critical path consists of the following:

 <State 8>: 7.300ns
The critical path consists of the following:
	bus response operation ('empty_79', spikingformer_official.cpp:538) on port 'g0' (spikingformer_official.cpp:538) [17]  (7.300 ns)


============================================================
+ Verbose Summary: Binding
============================================================
N/A
* FSMD analyzer results:
  - Output states:
 - Input state : 
  - Chain level:
	State 1
	State 2
	State 3
	State 4
	State 5
	State 6
	State 7
	State 8


============================================================
+ Verbose Summary: Datapath Resource usage 
============================================================
N/A
