================================================================
== Design Size Report
================================================================

* Total Instructions per Compilation Phase
+---------------+----------------------------+--------------+----------------------------------------------------------------------------------------+
| Phase         | Step                       | Instructions | Description                                                                            |
+---------------+----------------------------+--------------+----------------------------------------------------------------------------------------+
| Compile/Link  |                            | 28,295       | After all functions are compiled and linked into a single design                       |
|               |                            |              |                                                                                        |
| Unroll/Inline |                            |              | After user unroll and inline pragmas are applied                                       |
|               | (1) unroll                 | 19,634       | user unroll pragmas are applied                                                        |
|               | (2) simplification         | 15,908       | simplification of applied user unroll pragmas                                          |
|               | (3) inline                 | 14,038       | user inline pragmas are applied                                                        |
|               | (4) simplification         | 14,028       | simplification of applied user inline pragmas                                          |
|               |                            |              |                                                                                        |
| Array/Struct  |                            |              | After user array partition and struct aggregate/disaggregate pragmas are applied       |
|               | (1) array partition        | 13,993       | user array partition pragmas are applied                                               |
|               | (2) simplification         | 13,993       | simplification of applied user array partition & struct aggregate/disaggregate pragmas |
|               | (3) aggregate/disaggregate | 13,993       | user struct aggregate/disaggregate pragmas are applied                                 |
|               | (4) array reshape          | 13,993       | apply array reshape pragmas                                                            |
|               | (5) access patterns        | 15,392       | array access pattern optmizations                                                      |
|               |                            |              |                                                                                        |
| Performance   |                            |              | After transformations are applied to meet performance pragma targets                   |
|               | (1) loop simplification    | 15,392       | loop and instruction simplification                                                    |
|               | (2) parallelization        | 15,392       | loops are unrolled or pipelined to meet performance targets                            |
|               | (3) array partition        | 15,393       | arrays are partitioned to meet performance targets                                     |
|               | (4) simplification         | 15,393       | simplification of design after performance transformations                             |
|               |                            |              |                                                                                        |
| HW Transforms |                            |              | After hardware transfomations                                                          |
|               | (1) lowering               | 22,493       | initial conversion to HW specific instructions                                         |
|               | (2) optimizations          | 27,559       | high level synthesis optimizations                                                     |
+---------------+----------------------------+--------------+----------------------------------------------------------------------------------------+

* Instructions per Function for each Compilation Phase
+--------------+---------------------------------+------------------+------------------+------------------+------------------+------------------+
| Function     | Location                        | Compile/Link     | Unroll/Inline    | Array/Struct     | Performance      | HW Transforms    |
+--------------+---------------------------------+------------------+------------------+------------------+------------------+------------------+
| + control    | spikingformer_official.cpp:2311 | 28,295           | 14,028           | 15,392           | 15,393           | 27,559           |
|    kernel606 | spikingformer_official.cpp:2295 |    37            |                  |                  |                  |                  |
|    kernel605 | spikingformer_official.cpp:2278 |    48            |                  |                  |                  |                  |
|    kernel604 | spikingformer_official.cpp:2257 |    50            |                  |                  |                  |                  |
|    kernel603 | spikingformer_official.cpp:2224 |   104            |                  |                  |                  |                  |
|    kernel589 | spikingformer_official.cpp:2072 |   230 (5 calls)  |   110 (5 calls)  |   110 (5 calls)  |   110 (5 calls)  |   235 (5 calls)  |
|    kernel598 | spikingformer_official.cpp:2207 |    92 (2 calls)  |                  |                  |                  |                  |
|    kernel591 | spikingformer_official.cpp:2108 |   112 (2 calls)  |                  |                  |                  |                  |
|    kernel597 | spikingformer_official.cpp:2186 |    56            |                  |                  |                  |                  |
|    kernel595 | spikingformer_official.cpp:2169 |    46            |                  |                  |                  |                  |
|    kernel593 | spikingformer_official.cpp:2150 |    50            |                  |                  |                  |                  |
|    kernel592 | spikingformer_official.cpp:2129 |    59            |                  |                  |                  |                  |
|    kernel590 | spikingformer_official.cpp:2089 |    55            |                  |                  |                  |                  |
|    kernel588 | spikingformer_official.cpp:2057 |    37            |                  |                  |                  |                  |
|    kernel587 | spikingformer_official.cpp:2040 |    48            |                  |                  |                  |                  |
|    kernel586 | spikingformer_official.cpp:2019 |    50            |                  |                  |                  |                  |
|    kernel585 | spikingformer_official.cpp:1988 |    95            |                  |                  |                  |                  |
|    kernel571 | spikingformer_official.cpp:1836 |   230 (5 calls)  |   110 (5 calls)  |   110 (5 calls)  |   110 (5 calls)  |   235 (5 calls)  |
|    kernel580 | spikingformer_official.cpp:1971 |    92 (2 calls)  |                  |                  |                  |                  |
|    kernel573 | spikingformer_official.cpp:1872 |   112 (2 calls)  |                  |                  |                  |                  |
|    kernel579 | spikingformer_official.cpp:1950 |    56            |                  |                  |                  |                  |
|    kernel577 | spikingformer_official.cpp:1933 |    46            |                  |                  |                  |                  |
|    kernel575 | spikingformer_official.cpp:1914 |    50            |                  |                  |                  |                  |
|    kernel574 | spikingformer_official.cpp:1893 |    59            |                  |                  |                  |                  |
|    kernel572 | spikingformer_official.cpp:1853 |    55            |                  |                  |                  |                  |
|    kernel570 | spikingformer_official.cpp:1821 |    37            |                  |                  |                  |                  |
|    kernel569 | spikingformer_official.cpp:1804 |    48            |                  |                  |                  |                  |
|    kernel568 | spikingformer_official.cpp:1783 |    50            |                  |                  |                  |                  |
|    kernel567 | spikingformer_official.cpp:1752 |    95            |                  |                  |                  |                  |
|    kernel553 | spikingformer_official.cpp:1600 |   230 (5 calls)  |   110 (5 calls)  |   110 (5 calls)  |   110 (5 calls)  |   235 (5 calls)  |
|    kernel562 | spikingformer_official.cpp:1735 |    92 (2 calls)  |                  |                  |                  |                  |
|    kernel555 | spikingformer_official.cpp:1636 |   112 (2 calls)  |                  |                  |                  |                  |
|    kernel561 | spikingformer_official.cpp:1714 |    56            |                  |                  |                  |                  |
|    kernel559 | spikingformer_official.cpp:1697 |    46            |                  |                  |                  |                  |
|    kernel557 | spikingformer_official.cpp:1678 |    50            |                  |                  |                  |                  |
|    kernel556 | spikingformer_official.cpp:1657 |    59            |                  |                  |                  |                  |
|    kernel554 | spikingformer_official.cpp:1617 |    55            |                  |                  |                  |                  |
|    kernel552 | spikingformer_official.cpp:1585 |    37            |                  |                  |                  |                  |
|    kernel551 | spikingformer_official.cpp:1568 |    48            |                  |                  |                  |                  |
|    kernel550 | spikingformer_official.cpp:1553 |    37            |                  |                  |                  |                  |
|    kernel549 | spikingformer_official.cpp:1529 |    98            |                  |                  |                  |                  |
|    kernel548 | spikingformer_official.cpp:1514 |    37            |                  |                  |                  |                  |
|    kernel547 | spikingformer_official.cpp:1497 |    48            |                  |                  |                  |                  |
|    kernel546 | spikingformer_official.cpp:1476 |    50            |                  |                  |                  |                  |
|    kernel545 | spikingformer_official.cpp:1445 |    95            |                  |                  |                  |                  |
|    kernel531 | spikingformer_official.cpp:1293 |   230 (5 calls)  |   110 (5 calls)  |   110 (5 calls)  |   110 (5 calls)  |   235 (5 calls)  |
|    kernel540 | spikingformer_official.cpp:1428 |    92 (2 calls)  |                  |                  |                  |                  |
|    kernel533 | spikingformer_official.cpp:1329 |   112 (2 calls)  |                  |                  |                  |                  |
|    kernel539 | spikingformer_official.cpp:1407 |    56            |                  |                  |                  |                  |
|    kernel537 | spikingformer_official.cpp:1390 |    46            |                  |                  |                  |                  |
|    kernel535 | spikingformer_official.cpp:1371 |    50            |                  |                  |                  |                  |
|    kernel534 | spikingformer_official.cpp:1350 |    59            |                  |                  |                  |                  |
|    kernel532 | spikingformer_official.cpp:1310 |    55            |                  |                  |                  |                  |
|    kernel530 | spikingformer_official.cpp:1278 |    37            |                  |                  |                  |                  |
|    kernel529 | spikingformer_official.cpp:1263 |    46            |                  |                  |                  |                  |
|    kernel528 | spikingformer_official.cpp:1248 |    37            |                  |                  |                  |                  |
|    kernel527 | spikingformer_official.cpp:1224 |    98            |                  |                  |                  |                  |
|    kernel526 | spikingformer_official.cpp:1209 |    37            |                  |                  |                  |                  |
|    kernel525 | spikingformer_official.cpp:1192 |    48            |                  |                  |                  |                  |
|    kernel9   | spikingformer_official.cpp:165  |   250 (5 calls)  |   160 (5 calls)  |   195 (5 calls)  |   195 (5 calls)  |   260 (5 calls)  |
|    kernel523 | spikingformer_official.cpp:1161 |    95            |                  |                  |                  |                  |
|    kernel26  | spikingformer_official.cpp:386  | 1,840 (40 calls) |   880 (40 calls) |   880 (40 calls) |   880 (40 calls) | 1,880 (40 calls) |
|    kernel35  | spikingformer_official.cpp:502  |   736 (16 calls) |   336 (16 calls) |   336 (16 calls) |   336 (16 calls) |   672 (16 calls) |
|    kernel28  | spikingformer_official.cpp:403  |   896 (16 calls) |   416 (16 calls) |   416 (16 calls) |   416 (16 calls) |   960 (16 calls) |
|    kernel34  | spikingformer_official.cpp:481  |   616 (11 calls) |   286 (11 calls) |   352 (11 calls) |   352 (11 calls) |   671 (11 calls) |
|    kernel32  | spikingformer_official.cpp:464  |   368 (8 calls)  |   168 (8 calls)  |   168 (8 calls)  |   168 (8 calls)  |   336 (8 calls)  |
|    kernel30  | spikingformer_official.cpp:445  |   400 (8 calls)  |   176 (8 calls)  |   176 (8 calls)  |   176 (8 calls)  |   336 (8 calls)  |
|    kernel29  | spikingformer_official.cpp:424  |   472 (8 calls)  |   200 (8 calls)  |   248 (8 calls)  |   248 (8 calls)  |   416 (8 calls)  |
|    kernel7   | spikingformer_official.cpp:119  |   495 (9 calls)  |   216 (9 calls)  |   270 (9 calls)  |   270 (9 calls)  |   477 (9 calls)  |
|    kernel42  | spikingformer_official.cpp:565  |   624 (16 calls) |   432 (16 calls) |   512 (16 calls) |   512 (16 calls) |   704 (16 calls) |
|    kernel83  | spikingformer_official.cpp:1072 |   732 (12 calls) |   396 (12 calls) |   396 (12 calls) |   396 (12 calls) |   852 (12 calls) |
|    kernel69  | spikingformer_official.cpp:936  | 1,980 (60 calls) | 1,020 (60 calls) | 1,020 (60 calls) | 1,020 (60 calls) | 2,160 (60 calls) |
|    kernel78  | spikingformer_official.cpp:1057 |   792 (24 calls) |   384 (24 calls) |   384 (24 calls) |   384 (24 calls) |   768 (24 calls) |
|    kernel71  | spikingformer_official.cpp:968  |   984 (24 calls) |   504 (24 calls) |   504 (24 calls) |   504 (24 calls) | 1,152 (24 calls) |
|    kernel77  | spikingformer_official.cpp:1038 |   492 (12 calls) |   252 (12 calls) |   300 (12 calls) |   300 (12 calls) |   576 (12 calls) |
|    kernel75  | spikingformer_official.cpp:1023 |   396 (12 calls) |   192 (12 calls) |   192 (12 calls) |   192 (12 calls) |   384 (12 calls) |
|    kernel73  | spikingformer_official.cpp:1006 |   444 (12 calls) |   204 (12 calls) |   204 (12 calls) |   204 (12 calls) |   384 (12 calls) |
|    kernel72  | spikingformer_official.cpp:987  |   528 (12 calls) |   240 (12 calls) |   288 (12 calls) |   288 (12 calls) |   480 (12 calls) |
|    kernel70  | spikingformer_official.cpp:951  |   480 (12 calls) |   228 (12 calls) |   276 (12 calls) |   276 (12 calls) |   492 (12 calls) |
|    kernel68  | spikingformer_official.cpp:924  |   372 (12 calls) |   180 (12 calls) |   180 (12 calls) |   180 (12 calls) |   384 (12 calls) |
|    kernel67  | spikingformer_official.cpp:907  |   368 (8 calls)  |   192 (8 calls)  |   248 (8 calls)  |   248 (8 calls)  |   352 (8 calls)  |
|    kernel66  | spikingformer_official.cpp:893  |   176 (4 calls)  |                  |                  |                  |                  |
|    kernel61  | spikingformer_official.cpp:815  |   368 (8 calls)  |   176 (8 calls)  |   240 (8 calls)  |   240 (8 calls)  |   296 (8 calls)  |
|    kernel64  | spikingformer_official.cpp:876  |   184 (4 calls)  |                  |                  |                  |                  |
|    kernel452 | spikingformer_official.cpp:1146 |    36            |                  |                  |                  |                  |
|    kernel192 | spikingformer_official.cpp:1114 |   132 (3 calls)  |                  |                  |                  |                  |
|    kernel63  | spikingformer_official.cpp:849  |   288 (4 calls)  |   132 (4 calls)  |   132 (4 calls)  |   132 (4 calls)  |   300 (4 calls)  |
|    kernel62  | spikingformer_official.cpp:832  |   180 (4 calls)  |                  |                  |                  |                  |
|    kernel447 | spikingformer_official.cpp:1131 |    36            |                  |                  |                  |                  |
|    kernel188 | spikingformer_official.cpp:1097 |   132 (3 calls)  |                  |                  |                  |                  |
|    kernel60  | spikingformer_official.cpp:788  |   288 (4 calls)  |   132 (4 calls)  |   132 (4 calls)  |   132 (4 calls)  |   300 (4 calls)  |
|    kernel59  | spikingformer_official.cpp:764  |   232 (4 calls)  |   112 (4 calls)  |    96 (4 calls)  |    92 (4 calls)  |   200 (4 calls)  |
|    kernel58  | spikingformer_official.cpp:747  |   184 (4 calls)  |                  |                  |                  |                  |
|    kernel44  | spikingformer_official.cpp:596  |   528 (16 calls) |   272 (16 calls) |   272 (16 calls) |   272 (16 calls) |   576 (16 calls) |
|    kernel53  | spikingformer_official.cpp:717  |   264 (8 calls)  |   128 (8 calls)  |   128 (8 calls)  |   128 (8 calls)  |   256 (8 calls)  |
|    kernel46  | spikingformer_official.cpp:628  |   328 (8 calls)  |   168 (8 calls)  |   200 (8 calls)  |   200 (8 calls)  |   368 (8 calls)  |
|    kernel54  | spikingformer_official.cpp:732  |   148 (4 calls)  |                  |                  |                  |                  |
|    kernel52  | spikingformer_official.cpp:698  |   164 (4 calls)  |                  |                  |                  |                  |
|    kernel50  | spikingformer_official.cpp:683  |   132 (4 calls)  |                  |                  |                  |                  |
|    kernel48  | spikingformer_official.cpp:666  |   148 (4 calls)  |                  |                  |                  |                  |
|    kernel47  | spikingformer_official.cpp:647  |   176 (4 calls)  |                  |                  |                  |                  |
|    kernel45  | spikingformer_official.cpp:611  |   160 (4 calls)  |                  |                  |                  |                  |
|    kernel43  | spikingformer_official.cpp:584  |   124 (4 calls)  |                  |                  |                  |                  |
|    kernel41  | spikingformer_official.cpp:540  |   228 (4 calls)  |   112 (4 calls)  |   112 (4 calls)  |   112 (4 calls)  |   252 (4 calls)  |
|    kernel40  | spikingformer_official.cpp:519  |   224 (4 calls)  |   112 (4 calls)  |   144 (4 calls)  |   144 (4 calls)  |   208 (4 calls)  |
|    kernel25  | spikingformer_official.cpp:365  |   200 (4 calls)  |   128 (4 calls)  |   156 (4 calls)  |   156 (4 calls)  |   208 (4 calls)  |
|    kernel24  | spikingformer_official.cpp:338  |   292 (4 calls)  |   132 (4 calls)  |   132 (4 calls)  |   132 (4 calls)  |   296 (4 calls)  |
|    kernel10  | spikingformer_official.cpp:186  |   920 (20 calls) |   440 (20 calls) |   440 (20 calls) |   440 (20 calls) |   940 (20 calls) |
|    kernel19  | spikingformer_official.cpp:321  |   368 (8 calls)  |   168 (8 calls)  |   168 (8 calls)  |   168 (8 calls)  |   336 (8 calls)  |
|    kernel12  | spikingformer_official.cpp:222  |   448 (8 calls)  |   208 (8 calls)  |   208 (8 calls)  |   208 (8 calls)  |   480 (8 calls)  |
|    kernel18  | spikingformer_official.cpp:300  |   224 (4 calls)  |   104 (4 calls)  |   128 (4 calls)  |   128 (4 calls)  |   244 (4 calls)  |
|    kernel16  | spikingformer_official.cpp:283  |   184 (4 calls)  |                  |                  |                  |                  |
|    kernel14  | spikingformer_official.cpp:264  |   200 (4 calls)  |                  |                  |                  |                  |
|    kernel13  | spikingformer_official.cpp:243  |   236 (4 calls)  |                  |                  |                  |                  |
|    kernel11  | spikingformer_official.cpp:203  |   220 (4 calls)  |                  |                  |                  |                  |
|    kernel8   | spikingformer_official.cpp:138  |   292 (4 calls)  |   132 (4 calls)  |   148 (4 calls)  |   148 (4 calls)  |   300 (4 calls)  |
|    kernel6   | spikingformer_official.cpp:108  |    15            |                  |                  |                  |                  |
|    kernel5   | spikingformer_official.cpp:94   |    38            |                  |                  |                  |                  |
|    kernel4   | spikingformer_official.cpp:81   |    20            |                  |                  |                  |                  |
|    kernel3   | spikingformer_official.cpp:69   |    29            |                  |                  |                  |                  |
|    kernel2   | spikingformer_official.cpp:58   |    15            |                  |                  |                  |                  |
|    kernel1   | spikingformer_official.cpp:33   |    50            |                  |                  |                  |                  |
|    kernel0   | spikingformer_official.cpp:18   |    24            |                  |                  |                  |                  |
+--------------+---------------------------------+------------------+------------------+------------------+------------------+------------------+

* Design Size Message Settings
+---------------------------------------------+--------+------------------------------------------------------------------+
| Message Setting                             | Value  | Description                                                      |
+---------------------------------------------+--------+------------------------------------------------------------------+
| config_compile -design_size_maximum_warning | 100000 | Show a warning when total design instructions exceeds this value |
+---------------------------------------------+--------+------------------------------------------------------------------+


